score_board.h:25:18:unsigned int player::get_id()	16	static
score_board.h:26:11:short int player::get_score()	16	static
gthr-default.h:229:1:int __gthread_key_delete(__gthread_key_t)	16	static
score_board.cpp:9:1:player::player()	24	static
score_board.cpp:19:6:void player::new_player(const char*, short int, short int)	32	static
score_board.cpp:30:14:unsigned int calc_id(const char*, short int)	32	static
score_board.cpp:41:6:void player::update_score(short int)	16	static
score_board.cpp:48:6:void player::to_string(char*)	16	static
score_board.cpp:52:6:void player::copy(player)	16	static
score_board.cpp:60:1:score_board::score_board()	24	static
score_board.cpp:65:6:void score_board::print_board()	24	static
score_board.cpp:72:6:void score_board::update(const char*, short int, short int)	32	static
score_board.cpp:110:6:void score_board::shift_player(short int, short int)	40	static
score_board.cpp:116:6:void score_board::swap_player(short int)	56	static
score_board.cpp:128:1:void __static_initialization_and_destruction_0(int, int)	16	static
score_board.cpp:128:1:cpp)	8	static
score_board.cpp:128:1:cpp)	8	static
