Archive member included to satisfy reference by file (symbol)

e:/purdue/stm32ide/stm32cubeide_1.4.0/stm32cubeide/plugins/com.st.stm32cube.ide.mcu.externaltools.gnu-tools-for-stm32.7-2018-q2-update.win32_1.4.0.202007081208/tools/bin/../lib/gcc/arm-none-eabi/7.3.1/../../../../arm-none-eabi/lib/thumb/v7e-m/fpv4-sp/hard\libc_nano.a(lib_a-errno.o)
                              Core/Src/syscalls.o (__errno)
e:/purdue/stm32ide/stm32cubeide_1.4.0/stm32cubeide/plugins/com.st.stm32cube.ide.mcu.externaltools.gnu-tools-for-stm32.7-2018-q2-update.win32_1.4.0.202007081208/tools/bin/../lib/gcc/arm-none-eabi/7.3.1/../../../../arm-none-eabi/lib/thumb/v7e-m/fpv4-sp/hard\libc_nano.a(lib_a-exit.o)
                              e:/purdue/stm32ide/stm32cubeide_1.4.0/stm32cubeide/plugins/com.st.stm32cube.ide.mcu.externaltools.gnu-tools-for-stm32.7-2018-q2-update.win32_1.4.0.202007081208/tools/bin/../lib/gcc/arm-none-eabi/7.3.1/../../../../arm-none-eabi/lib/thumb/v7e-m/fpv4-sp/hard/crt0.o (exit)
e:/purdue/stm32ide/stm32cubeide_1.4.0/stm32cubeide/plugins/com.st.stm32cube.ide.mcu.externaltools.gnu-tools-for-stm32.7-2018-q2-update.win32_1.4.0.202007081208/tools/bin/../lib/gcc/arm-none-eabi/7.3.1/../../../../arm-none-eabi/lib/thumb/v7e-m/fpv4-sp/hard\libc_nano.a(lib_a-impure.o)
                              e:/purdue/stm32ide/stm32cubeide_1.4.0/stm32cubeide/plugins/com.st.stm32cube.ide.mcu.externaltools.gnu-tools-for-stm32.7-2018-q2-update.win32_1.4.0.202007081208/tools/bin/../lib/gcc/arm-none-eabi/7.3.1/../../../../arm-none-eabi/lib/thumb/v7e-m/fpv4-sp/hard\libc_nano.a(lib_a-exit.o) (_global_impure_ptr)
e:/purdue/stm32ide/stm32cubeide_1.4.0/stm32cubeide/plugins/com.st.stm32cube.ide.mcu.externaltools.gnu-tools-for-stm32.7-2018-q2-update.win32_1.4.0.202007081208/tools/bin/../lib/gcc/arm-none-eabi/7.3.1/../../../../arm-none-eabi/lib/thumb/v7e-m/fpv4-sp/hard\libc_nano.a(lib_a-init.o)
                              e:/purdue/stm32ide/stm32cubeide_1.4.0/stm32cubeide/plugins/com.st.stm32cube.ide.mcu.externaltools.gnu-tools-for-stm32.7-2018-q2-update.win32_1.4.0.202007081208/tools/bin/../lib/gcc/arm-none-eabi/7.3.1/../../../../arm-none-eabi/lib/thumb/v7e-m/fpv4-sp/hard/crt0.o (__libc_init_array)
e:/purdue/stm32ide/stm32cubeide_1.4.0/stm32cubeide/plugins/com.st.stm32cube.ide.mcu.externaltools.gnu-tools-for-stm32.7-2018-q2-update.win32_1.4.0.202007081208/tools/bin/../lib/gcc/arm-none-eabi/7.3.1/../../../../arm-none-eabi/lib/thumb/v7e-m/fpv4-sp/hard\libc_nano.a(lib_a-malloc.o)
                              Middlewares/ST/STM32_USB_Host_Library/Class/MSC/Src/usbh_msc.o (malloc)
e:/purdue/stm32ide/stm32cubeide_1.4.0/stm32cubeide/plugins/com.st.stm32cube.ide.mcu.externaltools.gnu-tools-for-stm32.7-2018-q2-update.win32_1.4.0.202007081208/tools/bin/../lib/gcc/arm-none-eabi/7.3.1/../../../../arm-none-eabi/lib/thumb/v7e-m/fpv4-sp/hard\libc_nano.a(lib_a-memcpy-stub.o)
                              Audio/MY_CS43L22.o (memcpy)
e:/purdue/stm32ide/stm32cubeide_1.4.0/stm32cubeide/plugins/com.st.stm32cube.ide.mcu.externaltools.gnu-tools-for-stm32.7-2018-q2-update.win32_1.4.0.202007081208/tools/bin/../lib/gcc/arm-none-eabi/7.3.1/../../../../arm-none-eabi/lib/thumb/v7e-m/fpv4-sp/hard\libc_nano.a(lib_a-memset.o)
                              e:/purdue/stm32ide/stm32cubeide_1.4.0/stm32cubeide/plugins/com.st.stm32cube.ide.mcu.externaltools.gnu-tools-for-stm32.7-2018-q2-update.win32_1.4.0.202007081208/tools/bin/../lib/gcc/arm-none-eabi/7.3.1/../../../../arm-none-eabi/lib/thumb/v7e-m/fpv4-sp/hard/crt0.o (memset)
e:/purdue/stm32ide/stm32cubeide_1.4.0/stm32cubeide/plugins/com.st.stm32cube.ide.mcu.externaltools.gnu-tools-for-stm32.7-2018-q2-update.win32_1.4.0.202007081208/tools/bin/../lib/gcc/arm-none-eabi/7.3.1/../../../../arm-none-eabi/lib/thumb/v7e-m/fpv4-sp/hard\libc_nano.a(lib_a-nano-freer.o)
                              e:/purdue/stm32ide/stm32cubeide_1.4.0/stm32cubeide/plugins/com.st.stm32cube.ide.mcu.externaltools.gnu-tools-for-stm32.7-2018-q2-update.win32_1.4.0.202007081208/tools/bin/../lib/gcc/arm-none-eabi/7.3.1/../../../../arm-none-eabi/lib/thumb/v7e-m/fpv4-sp/hard\libc_nano.a(lib_a-malloc.o) (_free_r)
e:/purdue/stm32ide/stm32cubeide_1.4.0/stm32cubeide/plugins/com.st.stm32cube.ide.mcu.externaltools.gnu-tools-for-stm32.7-2018-q2-update.win32_1.4.0.202007081208/tools/bin/../lib/gcc/arm-none-eabi/7.3.1/../../../../arm-none-eabi/lib/thumb/v7e-m/fpv4-sp/hard\libc_nano.a(lib_a-nano-mallocr.o)
                              e:/purdue/stm32ide/stm32cubeide_1.4.0/stm32cubeide/plugins/com.st.stm32cube.ide.mcu.externaltools.gnu-tools-for-stm32.7-2018-q2-update.win32_1.4.0.202007081208/tools/bin/../lib/gcc/arm-none-eabi/7.3.1/../../../../arm-none-eabi/lib/thumb/v7e-m/fpv4-sp/hard\libc_nano.a(lib_a-malloc.o) (_malloc_r)
[...]
Memory Configuration

Name             Origin             Length             Attributes
CCMRAM           0x0000000010000000 0x0000000000010000 xrw
RAM              0x0000000020000000 0x0000000000020000 xrw
FLASH            0x0000000008000000 0x0000000000100000 xr
*default*        0x0000000000000000 0xffffffffffffffff

Linker script and memory map

LOAD e:/purdue/stm32ide/stm32cubeide_1.4.0/stm32cubeide/plugins/com.st.stm32cube.ide.mcu.externaltools.gnu-tools-for-stm32.7-2018-q2-update.win32_1.4.0.202007081208/tools/bin/../lib/gcc/arm-none-eabi/7.3.1/thumb/v7e-m/fpv4-sp/hard/crti.o
LOAD e:/purdue/stm32ide/stm32cubeide_1.4.0/stm32cubeide/plugins/com.st.stm32cube.ide.mcu.externaltools.gnu-tools-for-stm32.7-2018-q2-update.win32_1.4.0.202007081208/tools/bin/../lib/gcc/arm-none-eabi/7.3.1/thumb/v7e-m/fpv4-sp/hard/crtbegin.o
LOAD e:/purdue/stm32ide/stm32cubeide_1.4.0/stm32cubeide/plugins/com.st.stm32cube.ide.mcu.externaltools.gnu-tools-for-stm32.7-2018-q2-update.win32_1.4.0.202007081208/tools/bin/../lib/gcc/arm-none-eabi/7.3.1/../../../../arm-none-eabi/lib/thumb/v7e-m/fpv4-sp/hard/crt0.o
LOAD Audio/MY_CS43L22.o
LOAD Audio/audioI2S.o
LOAD Audio/wav_player.o
LOAD Core/Src/main.o
LOAD Core/Src/stm32f4xx_hal_msp.o
LOAD Core/Src/stm32f4xx_it.o
LOAD Core/Src/syscalls.o
LOAD Core/Src/sysmem.o
LOAD Core/Src/system_stm32f4xx.o
LOAD Core/Startup/startup_stm32f407vgtx.o
LOAD Drivers/STM32F4xx_HAL_Driver/Src/stm32f4xx_hal.o
LOAD Drivers/STM32F4xx_HAL_Driver/Src/stm32f4xx_hal_cortex.o
LOAD Drivers/STM32F4xx_HAL_Driver/Src/stm32f4xx_hal_dma.o
LOAD Drivers/STM32F4xx_HAL_Driver/Src/stm32f4xx_hal_dma_ex.o
LOAD Drivers/STM32F4xx_HAL_Driver/Src/stm32f4xx_hal_exti.o
LOAD Drivers/STM32F4xx_HAL_Driver/Src/stm32f4xx_hal_flash.o
LOAD Drivers/STM32F4xx_HAL_Driver/Src/stm32f4xx_hal_flash_ex.o
LOAD Drivers/STM32F4xx_HAL_Driver/Src/stm32f4xx_hal_flash_ramfunc.o
LOAD Drivers/STM32F4xx_HAL_Driver/Src/stm32f4xx_hal_gpio.o
LOAD Drivers/STM32F4xx_HAL_Driver/Src/stm32f4xx_hal_hcd.o
LOAD Drivers/STM32F4xx_HAL_Driver/Src/stm32f4xx_hal_i2c.o
LOAD Drivers/STM32F4xx_HAL_Driver/Src/stm32f4xx_hal_i2c_ex.o
LOAD Drivers/STM32F4xx_HAL_Driver/Src/stm32f4xx_hal_i2s.o
LOAD Drivers/STM32F4xx_HAL_Driver/Src/stm32f4xx_hal_i2s_ex.o
LOAD Drivers/STM32F4xx_HAL_Driver/Src/stm32f4xx_hal_pwr.o
LOAD Drivers/STM32F4xx_HAL_Driver/Src/stm32f4xx_hal_pwr_ex.o
LOAD Drivers/STM32F4xx_HAL_Driver/Src/stm32f4xx_hal_rcc.o
LOAD Drivers/STM32F4xx_HAL_Driver/Src/stm32f4xx_hal_rcc_ex.o
LOAD Drivers/STM32F4xx_HAL_Driver/Src/stm32f4xx_hal_spi.o
LOAD Drivers/STM32F4xx_HAL_Driver/Src/stm32f4xx_hal_tim.o
LOAD Drivers/STM32F4xx_HAL_Driver/Src/stm32f4xx_hal_tim_ex.o
LOAD Drivers/STM32F4xx_HAL_Driver/Src/stm32f4xx_ll_usb.o
LOAD FATFS/App/fatfs.o
LOAD FATFS/Target/usbh_diskio.o
LOAD Middlewares/ST/STM32_USB_Host_Library/Class/MSC/Src/usbh_msc.o
LOAD Middlewares/ST/STM32_USB_Host_Library/Class/MSC/Src/usbh_msc_bot.o
LOAD Middlewares/ST/STM32_USB_Host_Library/Class/MSC/Src/usbh_msc_scsi.o
LOAD Middlewares/ST/STM32_USB_Host_Library/Core/Src/usbh_core.o
LOAD Middlewares/ST/STM32_USB_Host_Library/Core/Src/usbh_ctlreq.o
LOAD Middlewares/ST/STM32_USB_Host_Library/Core/Src/usbh_ioreq.o
LOAD Middlewares/ST/STM32_USB_Host_Library/Core/Src/usbh_pipes.o
LOAD Middlewares/Third_Party/FatFs/src/diskio.o
LOAD Middlewares/Third_Party/FatFs/src/ff.o
LOAD Middlewares/Third_Party/FatFs/src/ff_gen_drv.o
LOAD Middlewares/Third_Party/FatFs/src/option/syscall.o
LOAD USB_HOST/App/usb_host.o
LOAD USB_HOST/Target/usbh_conf.o
LOAD display/MY_ILI9341.o
LOAD display/display.o
LOAD game/score_board.o
START GROUP
LOAD e:/purdue/stm32ide/stm32cubeide_1.4.0/stm32cubeide/plugins/com.st.stm32cube.ide.mcu.externaltools.gnu-tools-for-stm32.7-2018-q2-update.win32_1.4.0.202007081208/tools/bin/../lib/gcc/arm-none-eabi/7.3.1/../../../../arm-none-eabi/lib/thumb/v7e-m/fpv4-sp/hard\libstdc++_nano.a
LOAD e:/purdue/stm32ide/stm32cubeide_1.4.0/stm32cubeide/plugins/com.st.stm32cube.ide.mcu.externaltools.gnu-tools-for-stm32.7-2018-q2-update.win32_1.4.0.202007081208/tools/bin/../lib/gcc/arm-none-eabi/7.3.1/../../../../arm-none-eabi/lib/thumb/v7e-m/fpv4-sp/hard\libsupc++_nano.a
END GROUP
LOAD e:/purdue/stm32ide/stm32cubeide_1.4.0/stm32cubeide/plugins/com.st.stm32cube.ide.mcu.externaltools.gnu-tools-for-stm32.7-2018-q2-update.win32_1.4.0.202007081208/tools/bin/../lib/gcc/arm-none-eabi/7.3.1/../../../../arm-none-eabi/lib/thumb/v7e-m/fpv4-sp/hard\libstdc++_nano.a
LOAD e:/purdue/stm32ide/stm32cubeide_1.4.0/stm32cubeide/plugins/com.st.stm32cube.ide.mcu.externaltools.gnu-tools-for-stm32.7-2018-q2-update.win32_1.4.0.202007081208/tools/bin/../lib/gcc/arm-none-eabi/7.3.1/../../../../arm-none-eabi/lib/thumb/v7e-m/fpv4-sp/hard\libm.a
LOAD e:/purdue/stm32ide/stm32cubeide_1.4.0/stm32cubeide/plugins/com.st.stm32cube.ide.mcu.externaltools.gnu-tools-for-stm32.7-2018-q2-update.win32_1.4.0.202007081208/tools/bin/../lib/gcc/arm-none-eabi/7.3.1/../../../../arm-none-eabi/lib/thumb/v7e-m/fpv4-sp/hard\libc_nano.a
START GROUP
LOAD e:/purdue/stm32ide/stm32cubeide_1.4.0/stm32cubeide/plugins/com.st.stm32cube.ide.mcu.externaltools.gnu-tools-for-stm32.7-2018-q2-update.win32_1.4.0.202007081208/tools/bin/../lib/gcc/arm-none-eabi/7.3.1/thumb/v7e-m/fpv4-sp/hard\libgcc.a
LOAD e:/purdue/stm32ide/stm32cubeide_1.4.0/stm32cubeide/plugins/com.st.stm32cube.ide.mcu.externaltools.gnu-tools-for-stm32.7-2018-q2-update.win32_1.4.0.202007081208/tools/bin/../lib/gcc/arm-none-eabi/7.3.1/../../../../arm-none-eabi/lib/thumb/v7e-m/fpv4-sp/hard\libc_nano.a
END GROUP
START GROUP
LOAD e:/purdue/stm32ide/stm32cubeide_1.4.0/stm32cubeide/plugins/com.st.stm32cube.ide.mcu.externaltools.gnu-tools-for-stm32.7-2018-q2-update.win32_1.4.0.202007081208/tools/bin/../lib/gcc/arm-none-eabi/7.3.1/thumb/v7e-m/fpv4-sp/hard\libgcc.a
LOAD e:/purdue/stm32ide/stm32cubeide_1.4.0/stm32cubeide/plugins/com.st.stm32cube.ide.mcu.externaltools.gnu-tools-for-stm32.7-2018-q2-update.win32_1.4.0.202007081208/tools/bin/../lib/gcc/arm-none-eabi/7.3.1/../../../../arm-none-eabi/lib/thumb/v7e-m/fpv4-sp/hard\libc_nano.a
END GROUP
LOAD e:/purdue/stm32ide/stm32cubeide_1.4.0/stm32cubeide/plugins/com.st.stm32cube.ide.mcu.externaltools.gnu-tools-for-stm32.7-2018-q2-update.win32_1.4.0.202007081208/tools/bin/../lib/gcc/arm-none-eabi/7.3.1/thumb/v7e-m/fpv4-sp/hard/crtend.o
LOAD e:/purdue/stm32ide/stm32cubeide_1.4.0/stm32cubeide/plugins/com.st.stm32cube.ide.mcu.externaltools.gnu-tools-for-stm32.7-2018-q2-update.win32_1.4.0.202007081208/tools/bin/../lib/gcc/arm-none-eabi/7.3.1/thumb/v7e-m/fpv4-sp/hard/crtn.o
                0x0000000020020000                _estack = (ORIGIN (RAM) + LENGTH (RAM))
                0x0000000000000200                _Min_Heap_Size = 0x200
                0x0000000000000400                _Min_Stack_Size = 0x400

.isr_vector     0x0000000008000000      0x188
                0x0000000008000000                . = ALIGN (0x4)
 *(.isr_vector)
 .isr_vector    0x0000000008000000      0x188 Core/Startup/startup_stm32f407vgtx.o
                0x0000000008000000                g_pfnVectors
                0x0000000008000188                . = ALIGN (0x4)

.text           0x0000000008000188     0xf36c
                0x0000000008000188                . = ALIGN (0x4)
 *(.text)
 .text          0x0000000008000188       0x40 e:/purdue/stm32ide/stm32cubeide_1.4.0/stm32cubeide/plugins/com.st.stm32cube.ide.mcu.externaltools.gnu-tools-for-stm32.7-2018-q2-update.win32_1.4.0.202007081208/tools/bin/../lib/gcc/arm-none-eabi/7.3.1/thumb/v7e-m/fpv4-sp/hard/crtbegin.o
 .text          0x00000000080001c8       0x30 e:/purdue/stm32ide/stm32cubeide_1.4.0/stm32cubeide/plugins/com.st.stm32cube.ide.mcu.externaltools.gnu-tools-for-stm32.7-2018-q2-update.win32_1.4.0.202007081208/tools/bin/../lib/gcc/arm-none-eabi/7.3.1/thumb/v7e-m/fpv4-sp/hard\libgcc.a(_aeabi_uldivmod.o)
                0x00000000080001c8                __aeabi_uldivmod
 .text          0x00000000080001f8      0x2cc e:/purdue/stm32ide/stm32cubeide_1.4.0/stm32cubeide/plugins/com.st.stm32cube.ide.mcu.externaltools.gnu-tools-for-stm32.7-2018-q2-update.win32_1.4.0.202007081208/tools/bin/../lib/gcc/arm-none-eabi/7.3.1/thumb/v7e-m/fpv4-sp/hard\libgcc.a(_udivmoddi4.o)
                0x00000000080001f8                __udivmoddi4
 .text          0x00000000080004c4        0x4 e:/purdue/stm32ide/stm32cubeide_1.4.0/stm32cubeide/plugins/com.st.stm32cube.ide.mcu.externaltools.gnu-tools-for-stm32.7-2018-q2-update.win32_1.4.0.202007081208/tools/bin/../lib/gcc/arm-none-eabi/7.3.1/thumb/v7e-m/fpv4-sp/hard\libgcc.a(_dvmd_tls.o)
                0x00000000080004c4                __aeabi_idiv0
                0x00000000080004c4                __aeabi_ldiv0
 *(.text*)
 .text.write_register
                0x00000000080004c8       0x34 Audio/MY_CS43L22.o
 .text.read_register
                0x00000000080004fc       0x40 Audio/MY_CS43L22.o
 .text.CS43_Init
                0x000000000800053c      0x20c Audio/MY_CS43L22.o
                0x000000000800053c                CS43_Init
 .text.CS43_Enable_RightLeft
                0x0000000008000748       0x94 Audio/MY_CS43L22.o
                0x0000000008000748                CS43_Enable_RightLeft
 .text.CS43_SetVolume
                0x00000000080007dc       0x36 Audio/MY_CS43L22.o
                0x00000000080007dc                CS43_SetVolume
 .text.CS43_SetMute
                0x0000000008000812       0x7e Audio/MY_CS43L22.o
                0x0000000008000812                CS43_SetMute
 .text.CS43_Start
                0x0000000008000890       0x98 Audio/MY_CS43L22.o
                0x0000000008000890                CS43_Start
 .text.CS43_Stop
                0x0000000008000928       0x34 Audio/MY_CS43L22.o
                0x0000000008000928                CS43_Stop
 .text.audioI2S_pllClockConfig
                0x000000000800095c       0x98 Audio/audioI2S.o
 .text.I2S3_freqUpdate
                0x00000000080009f4       0x88 Audio/audioI2S.o
 .text.audioI2S_setHandle
                0x0000000008000a7c       0x20 Audio/audioI2S.o
                0x0000000008000a7c                audioI2S_setHandle
 .text.audioI2S_init
                0x0000000008000a9c       0x1e Audio/audioI2S.o
                0x0000000008000a9c                audioI2S_init
 *fill*         0x0000000008000aba        0x2 
 .text.audioI2S_play
                0x0000000008000abc       0x3c Audio/audioI2S.o
                0x0000000008000abc                audioI2S_play
 .text.audioI2S_stop
                0x0000000008000af8       0x1c Audio/audioI2S.o
                0x0000000008000af8                audioI2S_stop
 .text.HAL_I2S_TxCpltCallback
                0x0000000008000b14       0x24 Audio/audioI2S.o
                0x0000000008000b14                HAL_I2S_TxCpltCallback
 .text.HAL_I2S_TxHalfCpltCallback
                0x0000000008000b38       0x24 Audio/audioI2S.o
                0x0000000008000b38                HAL_I2S_TxHalfCpltCallback
 .text.wavPlayer_reset
                0x0000000008000b5c       0x24 Audio/wav_player.o
 .text.wavPlayer_fileSelect
                0x0000000008000b80       0x54 Audio/wav_player.o
                0x0000000008000b80                wavPlayer_fileSelect
 .text.wavPlayer_play
                0x0000000008000bd4       0x64 Audio/wav_player.o
                0x0000000008000bd4                wavPlayer_play
 .text.wavPlayer_process
                0x0000000008000c38       0xe4 Audio/wav_player.o
                0x0000000008000c38                wavPlayer_process
 .text.wavPlayer_stop
                0x0000000008000d1c       0x18 Audio/wav_player.o
                0x0000000008000d1c                wavPlayer_stop
 .text.wavPlayer_isFinished
                0x0000000008000d34       0x18 Audio/wav_player.o
                0x0000000008000d34                wavPlayer_isFinished
 .text.audioI2S_halfTransfer_Callback
                0x0000000008000d4c       0x18 Audio/wav_player.o
                0x0000000008000d4c                audioI2S_halfTransfer_Callback
 .text.audioI2S_fullTransfer_Callback
                0x0000000008000d64       0x18 Audio/wav_player.o
                0x0000000008000d64                audioI2S_fullTransfer_Callback
 .text.main     0x0000000008000d7c      0x2a0 Core/Src/main.o
                0x0000000008000d7c                main
 .text.SystemClock_Config
                0x000000000800101c      0x104 Core/Src/main.o
                0x000000000800101c                SystemClock_Config
 .text.MX_I2C1_Init
                0x0000000008001120       0x5c Core/Src/main.o
 .text.MX_I2S3_Init
                0x000000000800117c       0x5c Core/Src/main.o
 .text.MX_SPI1_Init
                0x00000000080011d8       0x6c Core/Src/main.o
 .text.MX_TIM2_Init
                0x0000000008001244       0x9c Core/Src/main.o
 .text.MX_DMA_Init
                0x00000000080012e0       0x40 Core/Src/main.o
 .text.MX_GPIO_Init
                0x0000000008001320      0x168 Core/Src/main.o
 .text.HAL_TIM_PeriodElapsedCallback
                0x0000000008001488       0x94 Core/Src/main.o
                0x0000000008001488                HAL_TIM_PeriodElapsedCallback
 .text.GamePage
                0x000000000800151c      0x174 Core/Src/main.o
                0x000000000800151c                GamePage
 .text.Error_Handler
                0x0000000008001690        0xe Core/Src/main.o
                0x0000000008001690                Error_Handler
 *fill*         0x000000000800169e        0x2 
 .text.HAL_MspInit
                0x00000000080016a0       0x50 Core/Src/stm32f4xx_hal_msp.o
                0x00000000080016a0                HAL_MspInit
 .text.HAL_I2C_MspInit
                0x00000000080016f0       0x90 Core/Src/stm32f4xx_hal_msp.o
                0x00000000080016f0                HAL_I2C_MspInit
 .text.HAL_I2S_MspInit
                0x0000000008001780      0x14c Core/Src/stm32f4xx_hal_msp.o
                0x0000000008001780                HAL_I2S_MspInit
 .text.HAL_SPI_MspInit
                0x00000000080018cc       0x90 Core/Src/stm32f4xx_hal_msp.o
                0x00000000080018cc                HAL_SPI_MspInit
 .text.HAL_TIM_Base_MspInit
                0x000000000800195c       0x4c Core/Src/stm32f4xx_hal_msp.o
                0x000000000800195c                HAL_TIM_Base_MspInit
 .text.NMI_Handler
                0x00000000080019a8        0xe Core/Src/stm32f4xx_it.o
                0x00000000080019a8                NMI_Handler
 .text.HardFault_Handler
                0x00000000080019b6        0x6 Core/Src/stm32f4xx_it.o
                0x00000000080019b6                HardFault_Handler
 .text.MemManage_Handler
                0x00000000080019bc        0x6 Core/Src/stm32f4xx_it.o
                0x00000000080019bc                MemManage_Handler
 .text.BusFault_Handler
                0x00000000080019c2        0x6 Core/Src/stm32f4xx_it.o
                0x00000000080019c2                BusFault_Handler
 .text.UsageFault_Handler
                0x00000000080019c8        0x6 Core/Src/stm32f4xx_it.o
                0x00000000080019c8                UsageFault_Handler
 .text.SVC_Handler
                0x00000000080019ce        0xe Core/Src/stm32f4xx_it.o
                0x00000000080019ce                SVC_Handler
 .text.DebugMon_Handler
                0x00000000080019dc        0xe Core/Src/stm32f4xx_it.o
                0x00000000080019dc                DebugMon_Handler
 .text.PendSV_Handler
                0x00000000080019ea        0xe Core/Src/stm32f4xx_it.o
                0x00000000080019ea                PendSV_Handler
 .text.SysTick_Handler
                0x00000000080019f8        0xc Core/Src/stm32f4xx_it.o
                0x00000000080019f8                SysTick_Handler
 .text.DMA1_Stream5_IRQHandler
                0x0000000008001a04       0x14 Core/Src/stm32f4xx_it.o
                0x0000000008001a04                DMA1_Stream5_IRQHandler
 .text.TIM2_IRQHandler
                0x0000000008001a18       0x14 Core/Src/stm32f4xx_it.o
                0x0000000008001a18                TIM2_IRQHandler
 .text.OTG_FS_IRQHandler
                0x0000000008001a2c       0x14 Core/Src/stm32f4xx_it.o
                0x0000000008001a2c                OTG_FS_IRQHandler
 .text._sbrk    0x0000000008001a40       0x6c Core/Src/sysmem.o
                0x0000000008001a40                _sbrk
 .text.SystemInit
                0x0000000008001aac       0x2c Core/Src/system_stm32f4xx.o
                0x0000000008001aac                SystemInit
 .text.Reset_Handler
                0x0000000008001ad8       0x50 Core/Startup/startup_stm32f407vgtx.o
                0x0000000008001ad8                Reset_Handler
 .text.Default_Handler
                0x0000000008001b28        0x2 Core/Startup/startup_stm32f407vgtx.o
                0x0000000008001b28                RTC_Alarm_IRQHandler
                0x0000000008001b28                HASH_RNG_IRQHandler
                0x0000000008001b28                EXTI2_IRQHandler
                0x0000000008001b28                TIM8_CC_IRQHandler
                0x0000000008001b28                TIM1_CC_IRQHandler
                0x0000000008001b28                DMA2_Stream5_IRQHandler
                0x0000000008001b28                PVD_IRQHandler
                0x0000000008001b28                SDIO_IRQHandler
                0x0000000008001b28                TAMP_STAMP_IRQHandler
                0x0000000008001b28                CAN2_RX1_IRQHandler
                0x0000000008001b28                EXTI3_IRQHandler
                0x0000000008001b28                TIM8_TRG_COM_TIM14_IRQHandler
                0x0000000008001b28                TIM1_UP_TIM10_IRQHandler
                0x0000000008001b28                TIM8_UP_TIM13_IRQHandler
                0x0000000008001b28                I2C3_ER_IRQHandler
                0x0000000008001b28                EXTI0_IRQHandler
                0x0000000008001b28                I2C2_EV_IRQHandler
                0x0000000008001b28                DMA1_Stream2_IRQHandler
                0x0000000008001b28                CAN1_RX0_IRQHandler
                0x0000000008001b28                FPU_IRQHandler
                0x0000000008001b28                OTG_HS_WKUP_IRQHandler
                0x0000000008001b28                CAN2_SCE_IRQHandler
                0x0000000008001b28                DMA2_Stream2_IRQHandler
                0x0000000008001b28                SPI1_IRQHandler
                0x0000000008001b28                TIM6_DAC_IRQHandler
                0x0000000008001b28                TIM1_BRK_TIM9_IRQHandler
                0x0000000008001b28                DCMI_IRQHandler
                0x0000000008001b28                CAN2_RX0_IRQHandler
                0x0000000008001b28                DMA2_Stream3_IRQHandler
                0x0000000008001b28                USART6_IRQHandler
                0x0000000008001b28                USART3_IRQHandler
                0x0000000008001b28                CAN1_RX1_IRQHandler
                0x0000000008001b28                UART5_IRQHandler
                0x0000000008001b28                DMA2_Stream0_IRQHandler
                0x0000000008001b28                TIM4_IRQHandler
                0x0000000008001b28                I2C1_EV_IRQHandler
                0x0000000008001b28                DMA1_Stream6_IRQHandler
                0x0000000008001b28                DMA1_Stream1_IRQHandler
                0x0000000008001b28                UART4_IRQHandler
                0x0000000008001b28                TIM3_IRQHandler
                0x0000000008001b28                RCC_IRQHandler
                0x0000000008001b28                TIM8_BRK_TIM12_IRQHandler
                0x0000000008001b28                Default_Handler
                0x0000000008001b28                EXTI15_10_IRQHandler
                0x0000000008001b28                ADC_IRQHandler
                0x0000000008001b28                DMA1_Stream7_IRQHandler
                0x0000000008001b28                TIM7_IRQHandler
                0x0000000008001b28                CAN2_TX_IRQHandler
                0x0000000008001b28                TIM5_IRQHandler
                0x0000000008001b28                DMA2_Stream7_IRQHandler
                0x0000000008001b28                I2C3_EV_IRQHandler
                0x0000000008001b28                EXTI9_5_IRQHandler
                0x0000000008001b28                RTC_WKUP_IRQHandler
                0x0000000008001b28                ETH_WKUP_IRQHandler
                0x0000000008001b28                SPI2_IRQHandler
                0x0000000008001b28                OTG_HS_EP1_IN_IRQHandler
                0x0000000008001b28                DMA1_Stream0_IRQHandler
                0x0000000008001b28                CAN1_TX_IRQHandler
                0x0000000008001b28                EXTI4_IRQHandler
                0x0000000008001b28                FSMC_IRQHandler
                0x0000000008001b28                ETH_IRQHandler
                0x0000000008001b28                OTG_HS_EP1_OUT_IRQHandler
                0x0000000008001b28                WWDG_IRQHandler
                0x0000000008001b28                OTG_FS_WKUP_IRQHandler
                0x0000000008001b28                TIM1_TRG_COM_TIM11_IRQHandler
                0x0000000008001b28                OTG_HS_IRQHandler
                0x0000000008001b28                EXTI1_IRQHandler
                0x0000000008001b28                USART2_IRQHandler
                0x0000000008001b28                I2C2_ER_IRQHandler
                0x0000000008001b28                DMA2_Stream1_IRQHandler
                0x0000000008001b28                CAN1_SCE_IRQHandler
                0x0000000008001b28                FLASH_IRQHandler
                0x0000000008001b28                DMA2_Stream4_IRQHandler
                0x0000000008001b28                USART1_IRQHandler
                0x0000000008001b28                SPI3_IRQHandler
                0x0000000008001b28                DMA1_Stream4_IRQHandler
                0x0000000008001b28                I2C1_ER_IRQHandler
                0x0000000008001b28                DMA2_Stream6_IRQHandler
                0x0000000008001b28                DMA1_Stream3_IRQHandler
 *fill*         0x0000000008001b2a        0x2 
 .text.HAL_Init
                0x0000000008001b2c       0x44 Drivers/STM32F4xx_HAL_Driver/Src/stm32f4xx_hal.o
                0x0000000008001b2c                HAL_Init
 .text.HAL_InitTick
                0x0000000008001b70       0x60 Drivers/STM32F4xx_HAL_Driver/Src/stm32f4xx_hal.o
                0x0000000008001b70                HAL_InitTick
 .text.HAL_IncTick
                0x0000000008001bd0       0x28 Drivers/STM32F4xx_HAL_Driver/Src/stm32f4xx_hal.o
                0x0000000008001bd0                HAL_IncTick
 .text.HAL_GetTick
                0x0000000008001bf8       0x18 Drivers/STM32F4xx_HAL_Driver/Src/stm32f4xx_hal.o
                0x0000000008001bf8                HAL_GetTick
 .text.HAL_Delay
                0x0000000008001c10       0x44 Drivers/STM32F4xx_HAL_Driver/Src/stm32f4xx_hal.o
                0x0000000008001c10                HAL_Delay
 .text.__NVIC_SetPriorityGrouping
                0x0000000008001c54       0x48 Drivers/STM32F4xx_HAL_Driver/Src/stm32f4xx_hal_cortex.o
 .text.__NVIC_GetPriorityGrouping
                0x0000000008001c9c       0x1c Drivers/STM32F4xx_HAL_Driver/Src/stm32f4xx_hal_cortex.o
 .text.__NVIC_EnableIRQ
                0x0000000008001cb8       0x3c Drivers/STM32F4xx_HAL_Driver/Src/stm32f4xx_hal_cortex.o
 .text.__NVIC_SetPriority
                0x0000000008001cf4       0x54 Drivers/STM32F4xx_HAL_Driver/Src/stm32f4xx_hal_cortex.o
 .text.NVIC_EncodePriority
                0x0000000008001d48       0x66 Drivers/STM32F4xx_HAL_Driver/Src/stm32f4xx_hal_cortex.o
 *fill*         0x0000000008001dae        0x2 
 .text.SysTick_Config
                0x0000000008001db0       0x44 Drivers/STM32F4xx_HAL_Driver/Src/stm32f4xx_hal_cortex.o
 .text.HAL_NVIC_SetPriorityGrouping
                0x0000000008001df4       0x16 Drivers/STM32F4xx_HAL_Driver/Src/stm32f4xx_hal_cortex.o
                0x0000000008001df4                HAL_NVIC_SetPriorityGrouping
 .text.HAL_NVIC_SetPriority
                0x0000000008001e0a       0x38 Drivers/STM32F4xx_HAL_Driver/Src/stm32f4xx_hal_cortex.o
                0x0000000008001e0a                HAL_NVIC_SetPriority
 .text.HAL_NVIC_EnableIRQ
                0x0000000008001e42       0x1c Drivers/STM32F4xx_HAL_Driver/Src/stm32f4xx_hal_cortex.o
                0x0000000008001e42                HAL_NVIC_EnableIRQ
 .text.HAL_SYSTICK_Config
                0x0000000008001e5e       0x18 Drivers/STM32F4xx_HAL_Driver/Src/stm32f4xx_hal_cortex.o
                0x0000000008001e5e                HAL_SYSTICK_Config
 *fill*         0x0000000008001e76        0x2 
 .text.HAL_DMA_Init
                0x0000000008001e78      0x15c Drivers/STM32F4xx_HAL_Driver/Src/stm32f4xx_hal_dma.o
                0x0000000008001e78                HAL_DMA_Init
 .text.HAL_DMA_Start_IT
                0x0000000008001fd4       0xb0 Drivers/STM32F4xx_HAL_Driver/Src/stm32f4xx_hal_dma.o
                0x0000000008001fd4                HAL_DMA_Start_IT
 .text.HAL_DMA_Abort
                0x0000000008002084       0xe0 Drivers/STM32F4xx_HAL_Driver/Src/stm32f4xx_hal_dma.o
                0x0000000008002084                HAL_DMA_Abort
 .text.HAL_DMA_IRQHandler
                0x0000000008002164      0x314 Drivers/STM32F4xx_HAL_Driver/Src/stm32f4xx_hal_dma.o
                0x0000000008002164                HAL_DMA_IRQHandler
 .text.DMA_SetConfig
                0x0000000008002478       0x5c Drivers/STM32F4xx_HAL_Driver/Src/stm32f4xx_hal_dma.o
 .text.DMA_CalcBaseAndBitshift
                0x00000000080024d4       0x6c Drivers/STM32F4xx_HAL_Driver/Src/stm32f4xx_hal_dma.o
 .text.DMA_CheckFifoParam
                0x0000000008002540       0xf4 Drivers/STM32F4xx_HAL_Driver/Src/stm32f4xx_hal_dma.o
 .text.HAL_GPIO_Init
                0x0000000008002634      0x334 Drivers/STM32F4xx_HAL_Driver/Src/stm32f4xx_hal_gpio.o
                0x0000000008002634                HAL_GPIO_Init
 .text.HAL_GPIO_ReadPin
                0x0000000008002968       0x30 Drivers/STM32F4xx_HAL_Driver/Src/stm32f4xx_hal_gpio.o
                0x0000000008002968                HAL_GPIO_ReadPin
 .text.HAL_GPIO_WritePin
                0x0000000008002998       0x32 Drivers/STM32F4xx_HAL_Driver/Src/stm32f4xx_hal_gpio.o
                0x0000000008002998                HAL_GPIO_WritePin
 .text.HAL_HCD_Init
                0x00000000080029ca       0xc4 Drivers/STM32F4xx_HAL_Driver/Src/stm32f4xx_hal_hcd.o
                0x00000000080029ca                HAL_HCD_Init
 .text.HAL_HCD_HC_Init
                0x0000000008002a8e      0x130 Drivers/STM32F4xx_HAL_Driver/Src/stm32f4xx_hal_hcd.o
                0x0000000008002a8e                HAL_HCD_HC_Init
 .text.HAL_HCD_HC_Halt
                0x0000000008002bbe       0x46 Drivers/STM32F4xx_HAL_Driver/Src/stm32f4xx_hal_hcd.o
                0x0000000008002bbe                HAL_HCD_HC_Halt
 .text.HAL_HCD_HC_SubmitRequest
                0x0000000008002c04      0x2e4 Drivers/STM32F4xx_HAL_Driver/Src/stm32f4xx_hal_hcd.o
                0x0000000008002c04                HAL_HCD_HC_SubmitRequest
 .text.HAL_HCD_IRQHandler
                0x0000000008002ee8      0x208 Drivers/STM32F4xx_HAL_Driver/Src/stm32f4xx_hal_hcd.o
                0x0000000008002ee8                HAL_HCD_IRQHandler
 .text.HAL_HCD_Start
                0x00000000080030f0       0x46 Drivers/STM32F4xx_HAL_Driver/Src/stm32f4xx_hal_hcd.o
                0x00000000080030f0                HAL_HCD_Start
 .text.HAL_HCD_Stop
                0x0000000008003136       0x3a Drivers/STM32F4xx_HAL_Driver/Src/stm32f4xx_hal_hcd.o
                0x0000000008003136                HAL_HCD_Stop
 .text.HAL_HCD_ResetPort
                0x0000000008003170       0x1c Drivers/STM32F4xx_HAL_Driver/Src/stm32f4xx_hal_hcd.o
                0x0000000008003170                HAL_HCD_ResetPort
 .text.HAL_HCD_HC_GetURBState
                0x000000000800318c       0x2a Drivers/STM32F4xx_HAL_Driver/Src/stm32f4xx_hal_hcd.o
                0x000000000800318c                HAL_HCD_HC_GetURBState
 .text.HAL_HCD_HC_GetXferCount
                0x00000000080031b6       0x2a Drivers/STM32F4xx_HAL_Driver/Src/stm32f4xx_hal_hcd.o
                0x00000000080031b6                HAL_HCD_HC_GetXferCount
 .text.HAL_HCD_GetCurrentFrame
                0x00000000080031e0       0x1c Drivers/STM32F4xx_HAL_Driver/Src/stm32f4xx_hal_hcd.o
                0x00000000080031e0                HAL_HCD_GetCurrentFrame
 .text.HAL_HCD_GetCurrentSpeed
                0x00000000080031fc       0x1c Drivers/STM32F4xx_HAL_Driver/Src/stm32f4xx_hal_hcd.o
                0x00000000080031fc                HAL_HCD_GetCurrentSpeed
 .text.HCD_HC_IN_IRQHandler
                0x0000000008003218      0x86a Drivers/STM32F4xx_HAL_Driver/Src/stm32f4xx_hal_hcd.o
 .text.HCD_HC_OUT_IRQHandler
                0x0000000008003a82      0x6ea Drivers/STM32F4xx_HAL_Driver/Src/stm32f4xx_hal_hcd.o
 .text.HCD_RXQLVL_IRQHandler
                0x000000000800416c      0x158 Drivers/STM32F4xx_HAL_Driver/Src/stm32f4xx_hal_hcd.o
 .text.HCD_Port_IRQHandler
                0x00000000080042c4       0xe6 Drivers/STM32F4xx_HAL_Driver/Src/stm32f4xx_hal_hcd.o
 *fill*         0x00000000080043aa        0x2 
 .text.HAL_I2C_Init
                0x00000000080043ac      0x270 Drivers/STM32F4xx_HAL_Driver/Src/stm32f4xx_hal_i2c.o
                0x00000000080043ac                HAL_I2C_Init
 .text.HAL_I2C_Master_Transmit
                0x000000000800461c      0x1fc Drivers/STM32F4xx_HAL_Driver/Src/stm32f4xx_hal_i2c.o
                0x000000000800461c                HAL_I2C_Master_Transmit
 .text.HAL_I2C_Master_Receive
                0x0000000008004818      0x44c Drivers/STM32F4xx_HAL_Driver/Src/stm32f4xx_hal_i2c.o
                0x0000000008004818                HAL_I2C_Master_Receive
 .text.I2C_MasterRequestWrite
                0x0000000008004c64      0x104 Drivers/STM32F4xx_HAL_Driver/Src/stm32f4xx_hal_i2c.o
 .text.I2C_MasterRequestRead
                0x0000000008004d68      0x19c Drivers/STM32F4xx_HAL_Driver/Src/stm32f4xx_hal_i2c.o
 .text.I2C_WaitOnFlagUntilTimeout
                0x0000000008004f04       0xae Drivers/STM32F4xx_HAL_Driver/Src/stm32f4xx_hal_i2c.o
 .text.I2C_WaitOnMasterAddressFlagUntilTimeout
                0x0000000008004fb2       0xfe Drivers/STM32F4xx_HAL_Driver/Src/stm32f4xx_hal_i2c.o
 .text.I2C_WaitOnTXEFlagUntilTimeout
                0x00000000080050b0       0x82 Drivers/STM32F4xx_HAL_Driver/Src/stm32f4xx_hal_i2c.o
 .text.I2C_WaitOnBTFFlagUntilTimeout
                0x0000000008005132       0x82 Drivers/STM32F4xx_HAL_Driver/Src/stm32f4xx_hal_i2c.o
 .text.I2C_WaitOnRXNEFlagUntilTimeout
                0x00000000080051b4       0xac Drivers/STM32F4xx_HAL_Driver/Src/stm32f4xx_hal_i2c.o
 .text.I2C_IsAcknowledgeFailed
                0x0000000008005260       0x5e Drivers/STM32F4xx_HAL_Driver/Src/stm32f4xx_hal_i2c.o
 *fill*         0x00000000080052be        0x2 
 .text.HAL_I2S_Init
                0x00000000080052c0      0x280 Drivers/STM32F4xx_HAL_Driver/Src/stm32f4xx_hal_i2s.o
                0x00000000080052c0                HAL_I2S_Init
 .text.HAL_I2S_Transmit_DMA
                0x0000000008005540      0x150 Drivers/STM32F4xx_HAL_Driver/Src/stm32f4xx_hal_i2s.o
                0x0000000008005540                HAL_I2S_Transmit_DMA
 .text.HAL_I2S_DMAStop
                0x0000000008005690      0x3b4 Drivers/STM32F4xx_HAL_Driver/Src/stm32f4xx_hal_i2s.o
                0x0000000008005690                HAL_I2S_DMAStop
 .text.HAL_I2S_RxCpltCallback
                0x0000000008005a44       0x14 Drivers/STM32F4xx_HAL_Driver/Src/stm32f4xx_hal_i2s.o
                0x0000000008005a44                HAL_I2S_RxCpltCallback
 .text.HAL_I2S_ErrorCallback
                0x0000000008005a58       0x14 Drivers/STM32F4xx_HAL_Driver/Src/stm32f4xx_hal_i2s.o
                0x0000000008005a58                HAL_I2S_ErrorCallback
 .text.I2S_DMATxCplt
                0x0000000008005a6c       0x42 Drivers/STM32F4xx_HAL_Driver/Src/stm32f4xx_hal_i2s.o
 .text.I2S_DMATxHalfCplt
                0x0000000008005aae       0x1c Drivers/STM32F4xx_HAL_Driver/Src/stm32f4xx_hal_i2s.o
 .text.I2S_DMAError
                0x0000000008005aca       0x4c Drivers/STM32F4xx_HAL_Driver/Src/stm32f4xx_hal_i2s.o
 .text.I2S_Transmit_IT
                0x0000000008005b16       0x5c Drivers/STM32F4xx_HAL_Driver/Src/stm32f4xx_hal_i2s.o
 .text.I2S_Receive_IT
                0x0000000008005b72       0x5e Drivers/STM32F4xx_HAL_Driver/Src/stm32f4xx_hal_i2s.o
 .text.I2S_IRQHandler
                0x0000000008005bd0      0x114 Drivers/STM32F4xx_HAL_Driver/Src/stm32f4xx_hal_i2s.o
 .text.I2S_WaitFlagStateUntilTimeout
                0x0000000008005ce4       0x72 Drivers/STM32F4xx_HAL_Driver/Src/stm32f4xx_hal_i2s.o
 *fill*         0x0000000008005d56        0x2 
 .text.HAL_I2SEx_FullDuplex_IRQHandler
                0x0000000008005d58      0x2a8 Drivers/STM32F4xx_HAL_Driver/Src/stm32f4xx_hal_i2s_ex.o
                0x0000000008005d58                HAL_I2SEx_FullDuplex_IRQHandler
 .text.HAL_I2SEx_TxRxCpltCallback
                0x0000000008006000       0x14 Drivers/STM32F4xx_HAL_Driver/Src/stm32f4xx_hal_i2s_ex.o
                0x0000000008006000                HAL_I2SEx_TxRxCpltCallback
 .text.I2SEx_TxISR_I2S
                0x0000000008006014       0x62 Drivers/STM32F4xx_HAL_Driver/Src/stm32f4xx_hal_i2s_ex.o
 *fill*         0x0000000008006076        0x2 
 .text.I2SEx_TxISR_I2SExt
                0x0000000008006078       0x98 Drivers/STM32F4xx_HAL_Driver/Src/stm32f4xx_hal_i2s_ex.o
 .text.I2SEx_RxISR_I2S
                0x0000000008006110       0x64 Drivers/STM32F4xx_HAL_Driver/Src/stm32f4xx_hal_i2s_ex.o
 .text.I2SEx_RxISR_I2SExt
                0x0000000008006174       0x98 Drivers/STM32F4xx_HAL_Driver/Src/stm32f4xx_hal_i2s_ex.o
 .text.HAL_RCC_OscConfig
                0x000000000800620c      0x4e0 Drivers/STM32F4xx_HAL_Driver/Src/stm32f4xx_hal_rcc.o
                0x000000000800620c                HAL_RCC_OscConfig
 .text.HAL_RCC_ClockConfig
                0x00000000080066ec      0x1cc Drivers/STM32F4xx_HAL_Driver/Src/stm32f4xx_hal_rcc.o
                0x00000000080066ec                HAL_RCC_ClockConfig
 .text.HAL_RCC_GetSysClockFreq
                0x00000000080068b8      0x1b0 Drivers/STM32F4xx_HAL_Driver/Src/stm32f4xx_hal_rcc.o
                0x00000000080068b8                HAL_RCC_GetSysClockFreq
 .text.HAL_RCC_GetHCLKFreq
                0x0000000008006a68       0x18 Drivers/STM32F4xx_HAL_Driver/Src/stm32f4xx_hal_rcc.o
                0x0000000008006a68                HAL_RCC_GetHCLKFreq
 .text.HAL_RCC_GetPCLK1Freq
                0x0000000008006a80       0x28 Drivers/STM32F4xx_HAL_Driver/Src/stm32f4xx_hal_rcc.o
                0x0000000008006a80                HAL_RCC_GetPCLK1Freq
 .text.HAL_RCCEx_PeriphCLKConfig
                0x0000000008006aa8      0x1c4 Drivers/STM32F4xx_HAL_Driver/Src/stm32f4xx_hal_rcc_ex.o
                0x0000000008006aa8                HAL_RCCEx_PeriphCLKConfig
 .text.HAL_RCCEx_GetPeriphCLKConfig
                0x0000000008006c6c       0x58 Drivers/STM32F4xx_HAL_Driver/Src/stm32f4xx_hal_rcc_ex.o
                0x0000000008006c6c                HAL_RCCEx_GetPeriphCLKConfig
 .text.HAL_RCCEx_GetPeriphCLKFreq
                0x0000000008006cc4       0xb8 Drivers/STM32F4xx_HAL_Driver/Src/stm32f4xx_hal_rcc_ex.o
                0x0000000008006cc4                HAL_RCCEx_GetPeriphCLKFreq
 .text.HAL_SPI_Init
                0x0000000008006d7c       0xc8 Drivers/STM32F4xx_HAL_Driver/Src/stm32f4xx_hal_spi.o
                0x0000000008006d7c                HAL_SPI_Init
 .text.HAL_SPI_Transmit
                0x0000000008006e44      0x268 Drivers/STM32F4xx_HAL_Driver/Src/stm32f4xx_hal_spi.o
                0x0000000008006e44                HAL_SPI_Transmit
 .text.SPI_WaitFlagStateUntilTimeout
                0x00000000080070ac       0xd4 Drivers/STM32F4xx_HAL_Driver/Src/stm32f4xx_hal_spi.o
 .text.SPI_EndRxTxTransaction
                0x0000000008007180       0x84 Drivers/STM32F4xx_HAL_Driver/Src/stm32f4xx_hal_spi.o
 .text.HAL_TIM_Base_Init
                0x0000000008007204       0x56 Drivers/STM32F4xx_HAL_Driver/Src/stm32f4xx_hal_tim.o
                0x0000000008007204                HAL_TIM_Base_Init
 .text.HAL_TIM_Base_Stop
                0x000000000800725a       0x56 Drivers/STM32F4xx_HAL_Driver/Src/stm32f4xx_hal_tim.o
                0x000000000800725a                HAL_TIM_Base_Stop
 .text.HAL_TIM_IRQHandler
                0x00000000080072b0      0x210 Drivers/STM32F4xx_HAL_Driver/Src/stm32f4xx_hal_tim.o
                0x00000000080072b0                HAL_TIM_IRQHandler
 .text.HAL_TIM_ConfigClockSource
                0x00000000080074c0      0x16e Drivers/STM32F4xx_HAL_Driver/Src/stm32f4xx_hal_tim.o
                0x00000000080074c0                HAL_TIM_ConfigClockSource
 .text.HAL_TIM_OC_DelayElapsedCallback
                0x000000000800762e       0x14 Drivers/STM32F4xx_HAL_Driver/Src/stm32f4xx_hal_tim.o
                0x000000000800762e                HAL_TIM_OC_DelayElapsedCallback
 .text.HAL_TIM_IC_CaptureCallback
                0x0000000008007642       0x14 Drivers/STM32F4xx_HAL_Driver/Src/stm32f4xx_hal_tim.o
                0x0000000008007642                HAL_TIM_IC_CaptureCallback
 .text.HAL_TIM_PWM_PulseFinishedCallback
                0x0000000008007656       0x14 Drivers/STM32F4xx_HAL_Driver/Src/stm32f4xx_hal_tim.o
                0x0000000008007656                HAL_TIM_PWM_PulseFinishedCallback
 .text.HAL_TIM_TriggerCallback
                0x000000000800766a       0x14 Drivers/STM32F4xx_HAL_Driver/Src/stm32f4xx_hal_tim.o
                0x000000000800766a                HAL_TIM_TriggerCallback
 *fill*         0x000000000800767e        0x2 
 .text.TIM_Base_SetConfig
                0x0000000008007680      0x140 Drivers/STM32F4xx_HAL_Driver/Src/stm32f4xx_hal_tim.o
                0x0000000008007680                TIM_Base_SetConfig
 .text.TIM_TI1_ConfigInputStage
                0x00000000080077c0       0x5e Drivers/STM32F4xx_HAL_Driver/Src/stm32f4xx_hal_tim.o
 .text.TIM_TI2_ConfigInputStage
                0x000000000800781e       0x60 Drivers/STM32F4xx_HAL_Driver/Src/stm32f4xx_hal_tim.o
 .text.TIM_ITRx_SetConfig
                0x000000000800787e       0x36 Drivers/STM32F4xx_HAL_Driver/Src/stm32f4xx_hal_tim.o
 .text.TIM_ETR_SetConfig
                0x00000000080078b4       0x40 Drivers/STM32F4xx_HAL_Driver/Src/stm32f4xx_hal_tim.o
                0x00000000080078b4                TIM_ETR_SetConfig
 .text.HAL_TIMEx_MasterConfigSynchronization
                0x00000000080078f4       0xf8 Drivers/STM32F4xx_HAL_Driver/Src/stm32f4xx_hal_tim_ex.o
                0x00000000080078f4                HAL_TIMEx_MasterConfigSynchronization
 .text.HAL_TIMEx_CommutCallback
                0x00000000080079ec       0x14 Drivers/STM32F4xx_HAL_Driver/Src/stm32f4xx_hal_tim_ex.o
                0x00000000080079ec                HAL_TIMEx_CommutCallback
 .text.HAL_TIMEx_BreakCallback
                0x0000000008007a00       0x14 Drivers/STM32F4xx_HAL_Driver/Src/stm32f4xx_hal_tim_ex.o
                0x0000000008007a00                HAL_TIMEx_BreakCallback
 .text.USB_CoreInit
                0x0000000008007a14       0xc2 Drivers/STM32F4xx_HAL_Driver/Src/stm32f4xx_ll_usb.o
                0x0000000008007a14                USB_CoreInit
 .text.USB_EnableGlobalInt
                0x0000000008007ad6       0x22 Drivers/STM32F4xx_HAL_Driver/Src/stm32f4xx_ll_usb.o
                0x0000000008007ad6                USB_EnableGlobalInt
 .text.USB_DisableGlobalInt
                0x0000000008007af8       0x22 Drivers/STM32F4xx_HAL_Driver/Src/stm32f4xx_ll_usb.o
                0x0000000008007af8                USB_DisableGlobalInt
 .text.USB_SetCurrentMode
                0x0000000008007b1a       0x54 Drivers/STM32F4xx_HAL_Driver/Src/stm32f4xx_ll_usb.o
                0x0000000008007b1a                USB_SetCurrentMode
 *fill*         0x0000000008007b6e        0x2 
 .text.USB_FlushTxFifo
                0x0000000008007b70       0x4c Drivers/STM32F4xx_HAL_Driver/Src/stm32f4xx_ll_usb.o
                0x0000000008007b70                USB_FlushTxFifo
 .text.USB_FlushRxFifo
                0x0000000008007bbc       0x44 Drivers/STM32F4xx_HAL_Driver/Src/stm32f4xx_ll_usb.o
                0x0000000008007bbc                USB_FlushRxFifo
 .text.USB_WritePacket
                0x0000000008007c00       0x6a Drivers/STM32F4xx_HAL_Driver/Src/stm32f4xx_ll_usb.o
                0x0000000008007c00                USB_WritePacket
 .text.USB_ReadPacket
                0x0000000008007c6a       0x52 Drivers/STM32F4xx_HAL_Driver/Src/stm32f4xx_ll_usb.o
                0x0000000008007c6a                USB_ReadPacket
 .text.USB_ReadInterrupts
                0x0000000008007cbc       0x26 Drivers/STM32F4xx_HAL_Driver/Src/stm32f4xx_ll_usb.o
                0x0000000008007cbc                USB_ReadInterrupts
 .text.USB_GetMode
                0x0000000008007ce2       0x1c Drivers/STM32F4xx_HAL_Driver/Src/stm32f4xx_ll_usb.o
                0x0000000008007ce2                USB_GetMode
 *fill*         0x0000000008007cfe        0x2 
 .text.USB_CoreReset
                0x0000000008007d00       0x68 Drivers/STM32F4xx_HAL_Driver/Src/stm32f4xx_ll_usb.o
 .text.USB_HostInit
                0x0000000008007d68      0x178 Drivers/STM32F4xx_HAL_Driver/Src/stm32f4xx_ll_usb.o
                0x0000000008007d68                USB_HostInit
 .text.USB_InitFSLSPClkSel
                0x0000000008007ee0       0x74 Drivers/STM32F4xx_HAL_Driver/Src/stm32f4xx_ll_usb.o
                0x0000000008007ee0                USB_InitFSLSPClkSel
 .text.USB_ResetPort
                0x0000000008007f54       0x54 Drivers/STM32F4xx_HAL_Driver/Src/stm32f4xx_ll_usb.o
                0x0000000008007f54                USB_ResetPort
 .text.USB_DriveVbus
                0x0000000008007fa8       0x72 Drivers/STM32F4xx_HAL_Driver/Src/stm32f4xx_ll_usb.o
                0x0000000008007fa8                USB_DriveVbus
 .text.USB_GetHostSpeed
                0x000000000800801a       0x2e Drivers/STM32F4xx_HAL_Driver/Src/stm32f4xx_ll_usb.o
                0x000000000800801a                USB_GetHostSpeed
 .text.USB_GetCurrentFrame
                0x0000000008008048       0x22 Drivers/STM32F4xx_HAL_Driver/Src/stm32f4xx_ll_usb.o
                0x0000000008008048                USB_GetCurrentFrame
 *fill*         0x000000000800806a        0x2 
 .text.USB_HC_Init
                0x000000000800806c      0x214 Drivers/STM32F4xx_HAL_Driver/Src/stm32f4xx_ll_usb.o
                0x000000000800806c                USB_HC_Init
 .text.USB_HC_StartXfer
                0x0000000008008280      0x28c Drivers/STM32F4xx_HAL_Driver/Src/stm32f4xx_ll_usb.o
                0x0000000008008280                USB_HC_StartXfer
 .text.USB_HC_ReadInterrupt
                0x000000000800850c       0x22 Drivers/STM32F4xx_HAL_Driver/Src/stm32f4xx_ll_usb.o
                0x000000000800850c                USB_HC_ReadInterrupt
 .text.USB_HC_Halt
                0x000000000800852e      0x1fe Drivers/STM32F4xx_HAL_Driver/Src/stm32f4xx_ll_usb.o
                0x000000000800852e                USB_HC_Halt
 .text.USB_DoPing
                0x000000000800872c       0x78 Drivers/STM32F4xx_HAL_Driver/Src/stm32f4xx_ll_usb.o
                0x000000000800872c                USB_DoPing
 .text.USB_StopHost
                0x00000000080087a4      0x10c Drivers/STM32F4xx_HAL_Driver/Src/stm32f4xx_ll_usb.o
                0x00000000080087a4                USB_StopHost
 .text.MX_FATFS_Init
                0x00000000080088b0       0x24 FATFS/App/fatfs.o
                0x00000000080088b0                MX_FATFS_Init
 .text.get_fattime
                0x00000000080088d4       0x10 FATFS/App/fatfs.o
                0x00000000080088d4                get_fattime
 .text.USBH_initialize
                0x00000000080088e4       0x18 FATFS/Target/usbh_diskio.o
                0x00000000080088e4                USBH_initialize
 .text.USBH_status
                0x00000000080088fc       0x38 FATFS/Target/usbh_diskio.o
                0x00000000080088fc                USBH_status
 .text.USBH_read
                0x0000000008008934       0x70 FATFS/Target/usbh_diskio.o
                0x0000000008008934                USBH_read
 .text.USBH_write
                0x00000000080089a4       0x84 FATFS/Target/usbh_diskio.o
                0x00000000080089a4                USBH_write
 .text.USBH_ioctl
                0x0000000008008a28       0xd8 FATFS/Target/usbh_diskio.o
                0x0000000008008a28                USBH_ioctl
 .text.USBH_MSC_InterfaceInit
                0x0000000008008b00      0x216 Middlewares/ST/STM32_USB_Host_Library/Class/MSC/Src/usbh_msc.o
 .text.USBH_MSC_InterfaceDeInit
                0x0000000008008d16       0x8c Middlewares/ST/STM32_USB_Host_Library/Class/MSC/Src/usbh_msc.o
 .text.USBH_MSC_ClassRequest
                0x0000000008008da2       0xc8 Middlewares/ST/STM32_USB_Host_Library/Class/MSC/Src/usbh_msc.o
 *fill*         0x0000000008008e6a        0x2 
 .text.USBH_MSC_Process
                0x0000000008008e6c      0x520 Middlewares/ST/STM32_USB_Host_Library/Class/MSC/Src/usbh_msc.o
 .text.USBH_MSC_SOFProcess
                0x000000000800938c       0x16 Middlewares/ST/STM32_USB_Host_Library/Class/MSC/Src/usbh_msc.o
 .text.USBH_MSC_RdWrProcess
                0x00000000080093a2      0x194 Middlewares/ST/STM32_USB_Host_Library/Class/MSC/Src/usbh_msc.o
 .text.USBH_MSC_UnitIsReady
                0x0000000008009536       0x4c Middlewares/ST/STM32_USB_Host_Library/Class/MSC/Src/usbh_msc.o
                0x0000000008009536                USBH_MSC_UnitIsReady
 .text.USBH_MSC_GetLUNInfo
                0x0000000008009582       0x48 Middlewares/ST/STM32_USB_Host_Library/Class/MSC/Src/usbh_msc.o
                0x0000000008009582                USBH_MSC_GetLUNInfo
 .text.USBH_MSC_Read
                0x00000000080095ca       0xd2 Middlewares/ST/STM32_USB_Host_Library/Class/MSC/Src/usbh_msc.o
                0x00000000080095ca                USBH_MSC_Read
 .text.USBH_MSC_Write
                0x000000000800969c       0xd2 Middlewares/ST/STM32_USB_Host_Library/Class/MSC/Src/usbh_msc.o
                0x000000000800969c                USBH_MSC_Write
 .text.USBH_MSC_BOT_REQ_Reset
                0x000000000800976e       0x3a Middlewares/ST/STM32_USB_Host_Library/Class/MSC/Src/usbh_msc_bot.o
                0x000000000800976e                USBH_MSC_BOT_REQ_Reset
 .text.USBH_MSC_BOT_REQ_GetMaxLUN
                0x00000000080097a8       0x3c Middlewares/ST/STM32_USB_Host_Library/Class/MSC/Src/usbh_msc_bot.o
                0x00000000080097a8                USBH_MSC_BOT_REQ_GetMaxLUN
 .text.USBH_MSC_BOT_Init
                0x00000000080097e4       0x44 Middlewares/ST/STM32_USB_Host_Library/Class/MSC/Src/usbh_msc_bot.o
                0x00000000080097e4                USBH_MSC_BOT_Init
 .text.USBH_MSC_BOT_Process
                0x0000000008009828      0x3a4 Middlewares/ST/STM32_USB_Host_Library/Class/MSC/Src/usbh_msc_bot.o
                0x0000000008009828                USBH_MSC_BOT_Process
 .text.USBH_MSC_BOT_Abort
                0x0000000008009bcc       0x58 Middlewares/ST/STM32_USB_Host_Library/Class/MSC/Src/usbh_msc_bot.o
 .text.USBH_MSC_DecodeCSW
                0x0000000008009c24       0x88 Middlewares/ST/STM32_USB_Host_Library/Class/MSC/Src/usbh_msc_bot.o
 .text.USBH_MSC_SCSI_TestUnitReady
                0x0000000008009cac       0x86 Middlewares/ST/STM32_USB_Host_Library/Class/MSC/Src/usbh_msc_scsi.o
                0x0000000008009cac                USBH_MSC_SCSI_TestUnitReady
 .text.USBH_MSC_SCSI_ReadCapacity
                0x0000000008009d32       0xf6 Middlewares/ST/STM32_USB_Host_Library/Class/MSC/Src/usbh_msc_scsi.o
                0x0000000008009d32                USBH_MSC_SCSI_ReadCapacity
 .text.USBH_MSC_SCSI_Inquiry
                0x0000000008009e28      0x14a Middlewares/ST/STM32_USB_Host_Library/Class/MSC/Src/usbh_msc_scsi.o
                0x0000000008009e28                USBH_MSC_SCSI_Inquiry
 .text.USBH_MSC_SCSI_RequestSense
                0x0000000008009f72       0xf2 Middlewares/ST/STM32_USB_Host_Library/Class/MSC/Src/usbh_msc_scsi.o
                0x0000000008009f72                USBH_MSC_SCSI_RequestSense
 .text.USBH_MSC_SCSI_Write
                0x000000000800a064       0xd6 Middlewares/ST/STM32_USB_Host_Library/Class/MSC/Src/usbh_msc_scsi.o
                0x000000000800a064                USBH_MSC_SCSI_Write
 .text.USBH_MSC_SCSI_Read
                0x000000000800a13a       0xd6 Middlewares/ST/STM32_USB_Host_Library/Class/MSC/Src/usbh_msc_scsi.o
                0x000000000800a13a                USBH_MSC_SCSI_Read
 .text.USBH_Init
                0x000000000800a210       0x74 Middlewares/ST/STM32_USB_Host_Library/Core/Src/usbh_core.o
                0x000000000800a210                USBH_Init
 .text.DeInitStateMachine
                0x000000000800a284       0xa8 Middlewares/ST/STM32_USB_Host_Library/Core/Src/usbh_core.o
 .text.USBH_RegisterClass
                0x000000000800a32c       0x54 Middlewares/ST/STM32_USB_Host_Library/Core/Src/usbh_core.o
                0x000000000800a32c                USBH_RegisterClass
 .text.USBH_SelectInterface
                0x000000000800a380       0x38 Middlewares/ST/STM32_USB_Host_Library/Core/Src/usbh_core.o
                0x000000000800a380                USBH_SelectInterface
 .text.USBH_FindInterface
                0x000000000800a3b8       0x8c Middlewares/ST/STM32_USB_Host_Library/Core/Src/usbh_core.o
                0x000000000800a3b8                USBH_FindInterface
 .text.USBH_Start
                0x000000000800a444       0x20 Middlewares/ST/STM32_USB_Host_Library/Core/Src/usbh_core.o
                0x000000000800a444                USBH_Start
 .text.USBH_Process
                0x000000000800a464      0x3c0 Middlewares/ST/STM32_USB_Host_Library/Core/Src/usbh_core.o
                0x000000000800a464                USBH_Process
 .text.USBH_HandleEnum
                0x000000000800a824      0x3c8 Middlewares/ST/STM32_USB_Host_Library/Core/Src/usbh_core.o
 .text.USBH_LL_SetTimer
                0x000000000800abec       0x1e Middlewares/ST/STM32_USB_Host_Library/Core/Src/usbh_core.o
                0x000000000800abec                USBH_LL_SetTimer
 .text.USBH_LL_IncTimer
                0x000000000800ac0a       0x24 Middlewares/ST/STM32_USB_Host_Library/Core/Src/usbh_core.o
                0x000000000800ac0a                USBH_LL_IncTimer
 .text.USBH_HandleSof
                0x000000000800ac2e       0x30 Middlewares/ST/STM32_USB_Host_Library/Core/Src/usbh_core.o
 .text.USBH_LL_PortEnabled
                0x000000000800ac5e       0x1c Middlewares/ST/STM32_USB_Host_Library/Core/Src/usbh_core.o
                0x000000000800ac5e                USBH_LL_PortEnabled
 .text.USBH_LL_PortDisabled
                0x000000000800ac7a       0x1c Middlewares/ST/STM32_USB_Host_Library/Core/Src/usbh_core.o
                0x000000000800ac7a                USBH_LL_PortDisabled
 .text.USBH_LL_Connect
                0x000000000800ac96       0x2e Middlewares/ST/STM32_USB_Host_Library/Core/Src/usbh_core.o
                0x000000000800ac96                USBH_LL_Connect
 .text.USBH_LL_Disconnect
                0x000000000800acc4       0x48 Middlewares/ST/STM32_USB_Host_Library/Core/Src/usbh_core.o
                0x000000000800acc4                USBH_LL_Disconnect
 .text.USBH_Get_DevDesc
                0x000000000800ad0c       0x50 Middlewares/ST/STM32_USB_Host_Library/Core/Src/usbh_ctlreq.o
                0x000000000800ad0c                USBH_Get_DevDesc
 .text.USBH_Get_CfgDesc
                0x000000000800ad5c       0x48 Middlewares/ST/STM32_USB_Host_Library/Core/Src/usbh_ctlreq.o
                0x000000000800ad5c                USBH_Get_CfgDesc
 .text.USBH_Get_StringDesc
                0x000000000800ada4       0x56 Middlewares/ST/STM32_USB_Host_Library/Core/Src/usbh_ctlreq.o
                0x000000000800ada4                USBH_Get_StringDesc
 .text.USBH_GetDescriptor
                0x000000000800adfa       0x6a Middlewares/ST/STM32_USB_Host_Library/Core/Src/usbh_ctlreq.o
                0x000000000800adfa                USBH_GetDescriptor
 .text.USBH_SetAddress
                0x000000000800ae64       0x48 Middlewares/ST/STM32_USB_Host_Library/Core/Src/usbh_ctlreq.o
                0x000000000800ae64                USBH_SetAddress
 .text.USBH_SetCfg
                0x000000000800aeac       0x46 Middlewares/ST/STM32_USB_Host_Library/Core/Src/usbh_ctlreq.o
                0x000000000800aeac                USBH_SetCfg
 .text.USBH_SetFeature
                0x000000000800aef2       0x48 Middlewares/ST/STM32_USB_Host_Library/Core/Src/usbh_ctlreq.o
                0x000000000800aef2                USBH_SetFeature
 .text.USBH_ClrFeature
                0x000000000800af3a       0x48 Middlewares/ST/STM32_USB_Host_Library/Core/Src/usbh_ctlreq.o
                0x000000000800af3a                USBH_ClrFeature
 .text.USBH_ParseDevDesc
                0x000000000800af82       0xe0 Middlewares/ST/STM32_USB_Host_Library/Core/Src/usbh_ctlreq.o
 .text.USBH_ParseCfgDesc
                0x000000000800b062      0x144 Middlewares/ST/STM32_USB_Host_Library/Core/Src/usbh_ctlreq.o
 .text.USBH_ParseInterfaceDesc
                0x000000000800b1a6       0x5e Middlewares/ST/STM32_USB_Host_Library/Core/Src/usbh_ctlreq.o
 .text.USBH_ParseEPDesc
                0x000000000800b204       0x5a Middlewares/ST/STM32_USB_Host_Library/Core/Src/usbh_ctlreq.o
 .text.USBH_ParseStringDesc
                0x000000000800b25e       0x66 Middlewares/ST/STM32_USB_Host_Library/Core/Src/usbh_ctlreq.o
 .text.USBH_GetNextDesc
                0x000000000800b2c4       0x36 Middlewares/ST/STM32_USB_Host_Library/Core/Src/usbh_ctlreq.o
                0x000000000800b2c4                USBH_GetNextDesc
 .text.USBH_CtlReq
                0x000000000800b2fa       0x7a Middlewares/ST/STM32_USB_Host_Library/Core/Src/usbh_ctlreq.o
                0x000000000800b2fa                USBH_CtlReq
 .text.USBH_HandleControl
                0x000000000800b374      0x2ec Middlewares/ST/STM32_USB_Host_Library/Core/Src/usbh_ctlreq.o
 .text.USBH_CtlSendSetup
                0x000000000800b660       0x34 Middlewares/ST/STM32_USB_Host_Library/Core/Src/usbh_ioreq.o
                0x000000000800b660                USBH_CtlSendSetup
 .text.USBH_CtlSendData
                0x000000000800b694       0x4a Middlewares/ST/STM32_USB_Host_Library/Core/Src/usbh_ioreq.o
                0x000000000800b694                USBH_CtlSendData
 .text.USBH_CtlReceiveData
                0x000000000800b6de       0x3c Middlewares/ST/STM32_USB_Host_Library/Core/Src/usbh_ioreq.o
                0x000000000800b6de                USBH_CtlReceiveData
 .text.USBH_BulkSendData
                0x000000000800b71a       0x4a Middlewares/ST/STM32_USB_Host_Library/Core/Src/usbh_ioreq.o
                0x000000000800b71a                USBH_BulkSendData
 .text.USBH_BulkReceiveData
                0x000000000800b764       0x3c Middlewares/ST/STM32_USB_Host_Library/Core/Src/usbh_ioreq.o
                0x000000000800b764                USBH_BulkReceiveData
 .text.USBH_OpenPipe
                0x000000000800b7a0       0x3e Middlewares/ST/STM32_USB_Host_Library/Core/Src/usbh_pipes.o
                0x000000000800b7a0                USBH_OpenPipe
 .text.USBH_ClosePipe
                0x000000000800b7de       0x20 Middlewares/ST/STM32_USB_Host_Library/Core/Src/usbh_pipes.o
                0x000000000800b7de                USBH_ClosePipe
 .text.USBH_AllocPipe
                0x000000000800b7fe       0x42 Middlewares/ST/STM32_USB_Host_Library/Core/Src/usbh_pipes.o
                0x000000000800b7fe                USBH_AllocPipe
 .text.USBH_FreePipe
                0x000000000800b840       0x3c Middlewares/ST/STM32_USB_Host_Library/Core/Src/usbh_pipes.o
                0x000000000800b840                USBH_FreePipe
 .text.USBH_GetFreePipe
                0x000000000800b87c       0x48 Middlewares/ST/STM32_USB_Host_Library/Core/Src/usbh_pipes.o
 .text.disk_status
                0x000000000800b8c4       0x34 Middlewares/Third_Party/FatFs/src/diskio.o
                0x000000000800b8c4                disk_status
 .text.disk_initialize
                0x000000000800b8f8       0x4c Middlewares/Third_Party/FatFs/src/diskio.o
                0x000000000800b8f8                disk_initialize
 .text.disk_read
                0x000000000800b944       0x40 Middlewares/Third_Party/FatFs/src/diskio.o
                0x000000000800b944                disk_read
 .text.disk_write
                0x000000000800b984       0x40 Middlewares/Third_Party/FatFs/src/diskio.o
                0x000000000800b984                disk_write
 .text.disk_ioctl
                0x000000000800b9c4       0x3c Middlewares/Third_Party/FatFs/src/diskio.o
                0x000000000800b9c4                disk_ioctl
 .text.ld_word  0x000000000800ba00       0x30 Middlewares/Third_Party/FatFs/src/ff.o
 .text.ld_dword
                0x000000000800ba30       0x46 Middlewares/Third_Party/FatFs/src/ff.o
 .text.st_word  0x000000000800ba76       0x36 Middlewares/Third_Party/FatFs/src/ff.o
 .text.st_dword
                0x000000000800baac       0x58 Middlewares/Third_Party/FatFs/src/ff.o
 .text.mem_cpy  0x000000000800bb04       0x42 Middlewares/Third_Party/FatFs/src/ff.o
 .text.mem_set  0x000000000800bb46       0x34 Middlewares/Third_Party/FatFs/src/ff.o
 .text.mem_cmp  0x000000000800bb7a       0x4e Middlewares/Third_Party/FatFs/src/ff.o
 .text.chk_chr  0x000000000800bbc8       0x36 Middlewares/Third_Party/FatFs/src/ff.o
 *fill*         0x000000000800bbfe        0x2 
 .text.chk_lock
                0x000000000800bc00       0xb8 Middlewares/Third_Party/FatFs/src/ff.o
 .text.enq_lock
                0x000000000800bcb8       0x44 Middlewares/Third_Party/FatFs/src/ff.o
 .text.inc_lock
                0x000000000800bcfc      0x11c Middlewares/Third_Party/FatFs/src/ff.o
 .text.dec_lock
                0x000000000800be18       0x78 Middlewares/Third_Party/FatFs/src/ff.o
 .text.clear_lock
                0x000000000800be90       0x48 Middlewares/Third_Party/FatFs/src/ff.o
 .text.sync_window
                0x000000000800bed8       0x88 Middlewares/Third_Party/FatFs/src/ff.o
 .text.move_window
                0x000000000800bf60       0x5a Middlewares/Third_Party/FatFs/src/ff.o
 *fill*         0x000000000800bfba        0x2 
 .text.sync_fs  0x000000000800bfbc       0xdc Middlewares/Third_Party/FatFs/src/ff.o
 .text.clust2sect
                0x000000000800c098       0x3e Middlewares/Third_Party/FatFs/src/ff.o
 .text.get_fat  0x000000000800c0d6      0x14a Middlewares/Third_Party/FatFs/src/ff.o
 .text.put_fat  0x000000000800c220      0x1ce Middlewares/Third_Party/FatFs/src/ff.o
 .text.remove_chain
                0x000000000800c3ee       0xca Middlewares/Third_Party/FatFs/src/ff.o
 .text.create_chain
                0x000000000800c4b8      0x130 Middlewares/Third_Party/FatFs/src/ff.o
 .text.clmt_clust
                0x000000000800c5e8       0x68 Middlewares/Third_Party/FatFs/src/ff.o
 .text.dir_sdi  0x000000000800c650       0xf6 Middlewares/Third_Party/FatFs/src/ff.o
 .text.dir_next
                0x000000000800c746      0x18a Middlewares/Third_Party/FatFs/src/ff.o
 .text.dir_alloc
                0x000000000800c8d0       0x8e Middlewares/Third_Party/FatFs/src/ff.o
 .text.ld_clust
                0x000000000800c95e       0x3e Middlewares/Third_Party/FatFs/src/ff.o
 .text.st_clust
                0x000000000800c99c       0x40 Middlewares/Third_Party/FatFs/src/ff.o
 .text.dir_find
                0x000000000800c9dc       0xaa Middlewares/Third_Party/FatFs/src/ff.o
 .text.dir_register
                0x000000000800ca86       0x64 Middlewares/Third_Party/FatFs/src/ff.o
 *fill*         0x000000000800caea        0x2 
 .text.create_name
                0x000000000800caec      0x128 Middlewares/Third_Party/FatFs/src/ff.o
 .text.follow_path
                0x000000000800cc14       0xe2 Middlewares/Third_Party/FatFs/src/ff.o
 .text.get_ldnumber
                0x000000000800ccf6       0x88 Middlewares/Third_Party/FatFs/src/ff.o
 *fill*         0x000000000800cd7e        0x2 
 .text.check_fs
                0x000000000800cd80       0xac Middlewares/Third_Party/FatFs/src/ff.o
 .text.find_volume
                0x000000000800ce2c      0x498 Middlewares/Third_Party/FatFs/src/ff.o
 .text.validate
                0x000000000800d2c4       0x6a Middlewares/Third_Party/FatFs/src/ff.o
 *fill*         0x000000000800d32e        0x2 
 .text.f_mount  0x000000000800d330       0x8c Middlewares/Third_Party/FatFs/src/ff.o
                0x000000000800d330                f_mount
 .text.f_open   0x000000000800d3bc      0x37c Middlewares/Third_Party/FatFs/src/ff.o
                0x000000000800d3bc                f_open
 .text.f_read   0x000000000800d738      0x27e Middlewares/Third_Party/FatFs/src/ff.o
                0x000000000800d738                f_read
 .text.f_sync   0x000000000800d9b6       0xfc Middlewares/Third_Party/FatFs/src/ff.o
                0x000000000800d9b6                f_sync
 .text.f_close  0x000000000800dab2       0x54 Middlewares/Third_Party/FatFs/src/ff.o
                0x000000000800dab2                f_close
 .text.f_lseek  0x000000000800db06      0x412 Middlewares/Third_Party/FatFs/src/ff.o
                0x000000000800db06                f_lseek
 .text.FATFS_LinkDriverEx
                0x000000000800df18       0x98 Middlewares/Third_Party/FatFs/src/ff_gen_drv.o
                0x000000000800df18                FATFS_LinkDriverEx
 .text.FATFS_LinkDriver
                0x000000000800dfb0       0x1e Middlewares/Third_Party/FatFs/src/ff_gen_drv.o
                0x000000000800dfb0                FATFS_LinkDriver
 *fill*         0x000000000800dfce        0x2 
 .text.MX_USB_HOST_Init
                0x000000000800dfd0       0x4c USB_HOST/App/usb_host.o
                0x000000000800dfd0                MX_USB_HOST_Init
 .text.MX_USB_HOST_Process
                0x000000000800e01c       0x14 USB_HOST/App/usb_host.o
                0x000000000800e01c                MX_USB_HOST_Process
 .text.USBH_UserProcess
                0x000000000800e030       0x5c USB_HOST/App/usb_host.o
 .text.HAL_HCD_MspInit
                0x000000000800e08c       0xc4 USB_HOST/Target/usbh_conf.o
                0x000000000800e08c                HAL_HCD_MspInit
 .text.HAL_HCD_SOF_Callback
                0x000000000800e150       0x1c USB_HOST/Target/usbh_conf.o
                0x000000000800e150                HAL_HCD_SOF_Callback
 .text.HAL_HCD_Connect_Callback
                0x000000000800e16c       0x1c USB_HOST/Target/usbh_conf.o
                0x000000000800e16c                HAL_HCD_Connect_Callback
 .text.HAL_HCD_Disconnect_Callback
                0x000000000800e188       0x1c USB_HOST/Target/usbh_conf.o
                0x000000000800e188                HAL_HCD_Disconnect_Callback
 .text.HAL_HCD_HC_NotifyURBChange_Callback
                0x000000000800e1a4       0x1c USB_HOST/Target/usbh_conf.o
                0x000000000800e1a4                HAL_HCD_HC_NotifyURBChange_Callback
 .text.HAL_HCD_PortEnabled_Callback
                0x000000000800e1c0       0x1c USB_HOST/Target/usbh_conf.o
                0x000000000800e1c0                HAL_HCD_PortEnabled_Callback
 .text.HAL_HCD_PortDisabled_Callback
                0x000000000800e1dc       0x1c USB_HOST/Target/usbh_conf.o
                0x000000000800e1dc                HAL_HCD_PortDisabled_Callback
 .text.USBH_LL_Init
                0x000000000800e1f8       0x78 USB_HOST/Target/usbh_conf.o
                0x000000000800e1f8                USBH_LL_Init
 .text.USBH_LL_Start
                0x000000000800e270       0x36 USB_HOST/Target/usbh_conf.o
                0x000000000800e270                USBH_LL_Start
 .text.USBH_LL_Stop
                0x000000000800e2a6       0x36 USB_HOST/Target/usbh_conf.o
                0x000000000800e2a6                USBH_LL_Stop
 .text.USBH_LL_GetSpeed
                0x000000000800e2dc       0x4a USB_HOST/Target/usbh_conf.o
                0x000000000800e2dc                USBH_LL_GetSpeed
 .text.USBH_LL_ResetPort
                0x000000000800e326       0x36 USB_HOST/Target/usbh_conf.o
                0x000000000800e326                USBH_LL_ResetPort
 .text.USBH_LL_GetLastXferSize
                0x000000000800e35c       0x26 USB_HOST/Target/usbh_conf.o
                0x000000000800e35c                USBH_LL_GetLastXferSize
 .text.USBH_LL_OpenPipe
                0x000000000800e382       0x5e USB_HOST/Target/usbh_conf.o
                0x000000000800e382                USBH_LL_OpenPipe
 .text.USBH_LL_ClosePipe
                0x000000000800e3e0       0x3e USB_HOST/Target/usbh_conf.o
                0x000000000800e3e0                USBH_LL_ClosePipe
 .text.USBH_LL_SubmitURB
                0x000000000800e41e       0x62 USB_HOST/Target/usbh_conf.o
                0x000000000800e41e                USBH_LL_SubmitURB
 .text.USBH_LL_GetURBState
                0x000000000800e480       0x26 USB_HOST/Target/usbh_conf.o
                0x000000000800e480                USBH_LL_GetURBState
 .text.USBH_LL_DriverVBUS
                0x000000000800e4a6       0x1c USB_HOST/Target/usbh_conf.o
                0x000000000800e4a6                USBH_LL_DriverVBUS
 .text.USBH_LL_SetToggle
                0x000000000800e4c2       0x66 USB_HOST/Target/usbh_conf.o
                0x000000000800e4c2                USBH_LL_SetToggle
 .text.USBH_LL_GetToggle
                0x000000000800e528       0x66 USB_HOST/Target/usbh_conf.o
                0x000000000800e528                USBH_LL_GetToggle
 .text.USBH_Delay
                0x000000000800e58e       0x16 USB_HOST/Target/usbh_conf.o
                0x000000000800e58e                USBH_Delay
 .text.USBH_Get_USB_Status
                0x000000000800e5a4       0x58 USB_HOST/Target/usbh_conf.o
                0x000000000800e5a4                USBH_Get_USB_Status
 .text.ILI9341_SendCommand
                0x000000000800e5fc       0x68 display/MY_ILI9341.o
                0x000000000800e5fc                ILI9341_SendCommand
 .text.ILI9341_SendData
                0x000000000800e664       0x68 display/MY_ILI9341.o
                0x000000000800e664                ILI9341_SendData
 .text.ILI9341_SetCursorPosition
                0x000000000800e6cc       0x98 display/MY_ILI9341.o
                0x000000000800e6cc                ILI9341_SetCursorPosition
 .text.ILI9341_Init
                0x000000000800e764      0x180 display/MY_ILI9341.o
                0x000000000800e764                ILI9341_Init
 .text.ILI9341_DrawPixel
                0x000000000800e8e4       0x3e display/MY_ILI9341.o
                0x000000000800e8e4                ILI9341_DrawPixel
 *fill*         0x000000000800e922        0x2 
 .text.ILI9341_Fill
                0x000000000800e924       0x88 display/MY_ILI9341.o
                0x000000000800e924                ILI9341_Fill
 .text.ILI9341_Fill_Line
                0x000000000800e9ac      0x1b4 display/MY_ILI9341.o
                0x000000000800e9ac                ILI9341_Fill_Line
 .text.ILI9341_Fill_Rect
                0x000000000800eb60       0x74 display/MY_ILI9341.o
                0x000000000800eb60                ILI9341_Fill_Rect
 .text.fillCircleHelper
                0x000000000800ebd4      0x162 display/MY_ILI9341.o
 .text.ILI9341_fillCircle
                0x000000000800ed36       0x60 display/MY_ILI9341.o
                0x000000000800ed36                ILI9341_fillCircle
 .text.ILI9341_drawLine
                0x000000000800ed96      0x13a display/MY_ILI9341.o
                0x000000000800ed96                ILI9341_drawLine
 .text.ILI9341_drawFastVLine
                0x000000000800eed0       0x4a display/MY_ILI9341.o
                0x000000000800eed0                ILI9341_drawFastVLine
 *fill*         0x000000000800ef1a        0x2 
 .text.ILI9341_drawChar
                0x000000000800ef1c      0x294 display/MY_ILI9341.o
                0x000000000800ef1c                ILI9341_drawChar
 .text.ILI9341_printText
                0x000000000800f1b0       0x82 display/MY_ILI9341.o
                0x000000000800f1b0                ILI9341_printText
 *fill*         0x000000000800f232        0x2 
 .text.ILI9341_setRotation
                0x000000000800f234       0x98 display/MY_ILI9341.o
                0x000000000800f234                ILI9341_setRotation
 .text.__errno  0x000000000800f2cc        0xc e:/purdue/stm32ide/stm32cubeide_1.4.0/stm32cubeide/plugins/com.st.stm32cube.ide.mcu.externaltools.gnu-tools-for-stm32.7-2018-q2-update.win32_1.4.0.202007081208/tools/bin/../lib/gcc/arm-none-eabi/7.3.1/../../../../arm-none-eabi/lib/thumb/v7e-m/fpv4-sp/hard\libc_nano.a(lib_a-errno.o)
                0x000000000800f2cc                __errno
 .text.__libc_init_array
                0x000000000800f2d8       0x48 e:/purdue/stm32ide/stm32cubeide_1.4.0/stm32cubeide/plugins/com.st.stm32cube.ide.mcu.externaltools.gnu-tools-for-stm32.7-2018-q2-update.win32_1.4.0.202007081208/tools/bin/../lib/gcc/arm-none-eabi/7.3.1/../../../../arm-none-eabi/lib/thumb/v7e-m/fpv4-sp/hard\libc_nano.a(lib_a-init.o)
                0x000000000800f2d8                __libc_init_array
 .text.malloc   0x000000000800f320       0x10 e:/purdue/stm32ide/stm32cubeide_1.4.0/stm32cubeide/plugins/com.st.stm32cube.ide.mcu.externaltools.gnu-tools-for-stm32.7-2018-q2-update.win32_1.4.0.202007081208/tools/bin/../lib/gcc/arm-none-eabi/7.3.1/../../../../arm-none-eabi/lib/thumb/v7e-m/fpv4-sp/hard\libc_nano.a(lib_a-malloc.o)
                0x000000000800f320                malloc
 .text.free     0x000000000800f330       0x10 e:/purdue/stm32ide/stm32cubeide_1.4.0/stm32cubeide/plugins/com.st.stm32cube.ide.mcu.externaltools.gnu-tools-for-stm32.7-2018-q2-update.win32_1.4.0.202007081208/tools/bin/../lib/gcc/arm-none-eabi/7.3.1/../../../../arm-none-eabi/lib/thumb/v7e-m/fpv4-sp/hard\libc_nano.a(lib_a-malloc.o)
                0x000000000800f330                free
 .text.memcpy   0x000000000800f340       0x16 e:/purdue/stm32ide/stm32cubeide_1.4.0/stm32cubeide/plugins/com.st.stm32cube.ide.mcu.externaltools.gnu-tools-for-stm32.7-2018-q2-update.win32_1.4.0.202007081208/tools/bin/../lib/gcc/arm-none-eabi/7.3.1/../../../../arm-none-eabi/lib/thumb/v7e-m/fpv4-sp/hard\libc_nano.a(lib_a-memcpy-stub.o)
                0x000000000800f340                memcpy
 .text.memset   0x000000000800f356       0x10 e:/purdue/stm32ide/stm32cubeide_1.4.0/stm32cubeide/plugins/com.st.stm32cube.ide.mcu.externaltools.gnu-tools-for-stm32.7-2018-q2-update.win32_1.4.0.202007081208/tools/bin/../lib/gcc/arm-none-eabi/7.3.1/../../../../arm-none-eabi/lib/thumb/v7e-m/fpv4-sp/hard\libc_nano.a(lib_a-memset.o)
                0x000000000800f356                memset
 *fill*         0x000000000800f366        0x2 
 .text._free_r  0x000000000800f368       0x9c e:/purdue/stm32ide/stm32cubeide_1.4.0/stm32cubeide/plugins/com.st.stm32cube.ide.mcu.externaltools.gnu-tools-for-stm32.7-2018-q2-update.win32_1.4.0.202007081208/tools/bin/../lib/gcc/arm-none-eabi/7.3.1/../../../../arm-none-eabi/lib/thumb/v7e-m/fpv4-sp/hard\libc_nano.a(lib_a-nano-freer.o)
                0x000000000800f368                _free_r
 .text._malloc_r
                0x000000000800f404       0xb4 e:/purdue/stm32ide/stm32cubeide_1.4.0/stm32cubeide/plugins/com.st.stm32cube.ide.mcu.externaltools.gnu-tools-for-stm32.7-2018-q2-update.win32_1.4.0.202007081208/tools/bin/../lib/gcc/arm-none-eabi/7.3.1/../../../../arm-none-eabi/lib/thumb/v7e-m/fpv4-sp/hard\libc_nano.a(lib_a-nano-mallocr.o)
                0x000000000800f404                _malloc_r
 .text._sbrk_r  0x000000000800f4b8       0x20 e:/purdue/stm32ide/stm32cubeide_1.4.0/stm32cubeide/plugins/com.st.stm32cube.ide.mcu.externaltools.gnu-tools-for-stm32.7-2018-q2-update.win32_1.4.0.202007081208/tools/bin/../lib/gcc/arm-none-eabi/7.3.1/../../../../arm-none-eabi/lib/thumb/v7e-m/fpv4-sp/hard\libc_nano.a(lib_a-sbrkr.o)
                0x000000000800f4b8                _sbrk_r
 .text.__malloc_lock
                0x000000000800f4d8        0x2 e:/purdue/stm32ide/stm32cubeide_1.4.0/stm32cubeide/plugins/com.st.stm32cube.ide.mcu.externaltools.gnu-tools-for-stm32.7-2018-q2-update.win32_1.4.0.202007081208/tools/bin/../lib/gcc/arm-none-eabi/7.3.1/../../../../arm-none-eabi/lib/thumb/v7e-m/fpv4-sp/hard\libc_nano.a(lib_a-mlock.o)
                0x000000000800f4d8                __malloc_lock
 .text.__malloc_unlock
                0x000000000800f4da        0x2 e:/purdue/stm32ide/stm32cubeide_1.4.0/stm32cubeide/plugins/com.st.stm32cube.ide.mcu.externaltools.gnu-tools-for-stm32.7-2018-q2-update.win32_1.4.0.202007081208/tools/bin/../lib/gcc/arm-none-eabi/7.3.1/../../../../arm-none-eabi/lib/thumb/v7e-m/fpv4-sp/hard\libc_nano.a(lib_a-mlock.o)
                0x000000000800f4da                __malloc_unlock
 *(.glue_7)
 .glue_7        0x000000000800f4dc        0x0 linker stubs
 *(.glue_7t)
 .glue_7t       0x000000000800f4dc        0x0 linker stubs
 *(.eh_frame)
 .eh_frame      0x000000000800f4dc        0x0 e:/purdue/stm32ide/stm32cubeide_1.4.0/stm32cubeide/plugins/com.st.stm32cube.ide.mcu.externaltools.gnu-tools-for-stm32.7-2018-q2-update.win32_1.4.0.202007081208/tools/bin/../lib/gcc/arm-none-eabi/7.3.1/thumb/v7e-m/fpv4-sp/hard/crtbegin.o
 *(.init)
 .init          0x000000000800f4dc        0x4 e:/purdue/stm32ide/stm32cubeide_1.4.0/stm32cubeide/plugins/com.st.stm32cube.ide.mcu.externaltools.gnu-tools-for-stm32.7-2018-q2-update.win32_1.4.0.202007081208/tools/bin/../lib/gcc/arm-none-eabi/7.3.1/thumb/v7e-m/fpv4-sp/hard/crti.o
                0x000000000800f4dc                _init
 .init          0x000000000800f4e0        0x8 e:/purdue/stm32ide/stm32cubeide_1.4.0/stm32cubeide/plugins/com.st.stm32cube.ide.mcu.externaltools.gnu-tools-for-stm32.7-2018-q2-update.win32_1.4.0.202007081208/tools/bin/../lib/gcc/arm-none-eabi/7.3.1/thumb/v7e-m/fpv4-sp/hard/crtn.o
 *(.fini)
 .fini          0x000000000800f4e8        0x4 e:/purdue/stm32ide/stm32cubeide_1.4.0/stm32cubeide/plugins/com.st.stm32cube.ide.mcu.externaltools.gnu-tools-for-stm32.7-2018-q2-update.win32_1.4.0.202007081208/tools/bin/../lib/gcc/arm-none-eabi/7.3.1/thumb/v7e-m/fpv4-sp/hard/crti.o
                0x000000000800f4e8                _fini
 .fini          0x000000000800f4ec        0x8 e:/purdue/stm32ide/stm32cubeide_1.4.0/stm32cubeide/plugins/com.st.stm32cube.ide.mcu.externaltools.gnu-tools-for-stm32.7-2018-q2-update.win32_1.4.0.202007081208/tools/bin/../lib/gcc/arm-none-eabi/7.3.1/thumb/v7e-m/fpv4-sp/hard/crtn.o
                0x000000000800f4f4                . = ALIGN (0x4)
                0x000000000800f4f4                _etext = .

.vfp11_veneer   0x000000000800f4f4        0x0
 .vfp11_veneer  0x000000000800f4f4        0x0 linker stubs

.v4_bx          0x000000000800f4f4        0x0
 .v4_bx         0x000000000800f4f4        0x0 linker stubs

.iplt           0x000000000800f4f4        0x0
 .iplt          0x000000000800f4f4        0x0 e:/purdue/stm32ide/stm32cubeide_1.4.0/stm32cubeide/plugins/com.st.stm32cube.ide.mcu.externaltools.gnu-tools-for-stm32.7-2018-q2-update.win32_1.4.0.202007081208/tools/bin/../lib/gcc/arm-none-eabi/7.3.1/thumb/v7e-m/fpv4-sp/hard/crtbegin.o

.rodata         0x000000000800f4f4      0x728
                0x000000000800f4f4                . = ALIGN (0x4)
 *(.rodata)
 .rodata        0x000000000800f4f4       0x69 Core/Src/main.o
 *fill*         0x000000000800f55d        0x3 
 .rodata        0x000000000800f560        0x4 Middlewares/ST/STM32_USB_Host_Library/Class/MSC/Src/usbh_msc.o
 .rodata        0x000000000800f564       0x44 Middlewares/Third_Party/FatFs/src/ff.o
 *(.rodata*)
 .rodata.I2SFreq
                0x000000000800f5a8       0x20 Audio/audioI2S.o
                0x000000000800f5a8                I2SFreq
 .rodata.I2SPLLN
                0x000000000800f5c8       0x20 Audio/audioI2S.o
                0x000000000800f5c8                I2SPLLN
 .rodata.I2SPLLR
                0x000000000800f5e8       0x20 Audio/audioI2S.o
                0x000000000800f5e8                I2SPLLR
 .rodata.AHBPrescTable
                0x000000000800f608       0x10 Core/Src/system_stm32f4xx.o
                0x000000000800f608                AHBPrescTable
 .rodata.APBPrescTable
                0x000000000800f618        0x8 Core/Src/system_stm32f4xx.o
                0x000000000800f618                APBPrescTable
 .rodata.flagBitshiftOffset.8774
                0x000000000800f620        0x8 Drivers/STM32F4xx_HAL_Driver/Src/stm32f4xx_hal_dma.o
 .rodata.USBH_Driver
                0x000000000800f628       0x14 FATFS/Target/usbh_diskio.o
                0x000000000800f628                USBH_Driver
 .rodata.ExCvt  0x000000000800f63c       0x80 Middlewares/Third_Party/FatFs/src/ff.o
 .rodata.font1  0x000000000800f6bc      0x500 display/MY_ILI9341.o
 .rodata.__sf_fake_stderr
                0x000000000800fbbc       0x20 e:/purdue/stm32ide/stm32cubeide_1.4.0/stm32cubeide/plugins/com.st.stm32cube.ide.mcu.externaltools.gnu-tools-for-stm32.7-2018-q2-update.win32_1.4.0.202007081208/tools/bin/../lib/gcc/arm-none-eabi/7.3.1/../../../../arm-none-eabi/lib/thumb/v7e-m/fpv4-sp/hard\libc_nano.a(lib_a-findfp.o)
                0x000000000800fbbc                __sf_fake_stderr
 .rodata.__sf_fake_stdin
                0x000000000800fbdc       0x20 e:/purdue/stm32ide/stm32cubeide_1.4.0/stm32cubeide/plugins/com.st.stm32cube.ide.mcu.externaltools.gnu-tools-for-stm32.7-2018-q2-update.win32_1.4.0.202007081208/tools/bin/../lib/gcc/arm-none-eabi/7.3.1/../../../../arm-none-eabi/lib/thumb/v7e-m/fpv4-sp/hard\libc_nano.a(lib_a-findfp.o)
                0x000000000800fbdc                __sf_fake_stdin
 .rodata.__sf_fake_stdout
                0x000000000800fbfc       0x20 e:/purdue/stm32ide/stm32cubeide_1.4.0/stm32cubeide/plugins/com.st.stm32cube.ide.mcu.externaltools.gnu-tools-for-stm32.7-2018-q2-update.win32_1.4.0.202007081208/tools/bin/../lib/gcc/arm-none-eabi/7.3.1/../../../../arm-none-eabi/lib/thumb/v7e-m/fpv4-sp/hard\libc_nano.a(lib_a-findfp.o)
                0x000000000800fbfc                __sf_fake_stdout
                0x000000000800fc1c                . = ALIGN (0x4)

.ARM.extab      0x000000000800fc1c        0x0
                0x000000000800fc1c                . = ALIGN (0x4)
 *(.ARM.extab* .gnu.linkonce.armextab.*)
                0x000000000800fc1c                . = ALIGN (0x4)

.ARM            0x000000000800fc1c        0x8
                0x000000000800fc1c                . = ALIGN (0x4)
                0x000000000800fc1c                __exidx_start = .
 *(.ARM.exidx*)
 .ARM.exidx     0x000000000800fc1c        0x8 e:/purdue/stm32ide/stm32cubeide_1.4.0/stm32cubeide/plugins/com.st.stm32cube.ide.mcu.externaltools.gnu-tools-for-stm32.7-2018-q2-update.win32_1.4.0.202007081208/tools/bin/../lib/gcc/arm-none-eabi/7.3.1/thumb/v7e-m/fpv4-sp/hard\libgcc.a(_udivmoddi4.o)
                0x000000000800fc24                __exidx_end = .
                0x000000000800fc24                . = ALIGN (0x4)

.rel.dyn        0x000000000800fc24        0x0
 .rel.iplt      0x000000000800fc24        0x0 e:/purdue/stm32ide/stm32cubeide_1.4.0/stm32cubeide/plugins/com.st.stm32cube.ide.mcu.externaltools.gnu-tools-for-stm32.7-2018-q2-update.win32_1.4.0.202007081208/tools/bin/../lib/gcc/arm-none-eabi/7.3.1/thumb/v7e-m/fpv4-sp/hard/crtbegin.o

.preinit_array  0x000000000800fc24        0x0
                0x000000000800fc24                . = ALIGN (0x4)
                0x000000000800fc24                PROVIDE (__preinit_array_start = .)
 *(.preinit_array*)
                0x000000000800fc24                PROVIDE (__preinit_array_end = .)
                0x000000000800fc24                . = ALIGN (0x4)

.init_array     0x000000000800fc24        0x4
                0x000000000800fc24                . = ALIGN (0x4)
                0x000000000800fc24                PROVIDE (__init_array_start = .)
 *(SORT_BY_NAME(.init_array.*))
 *(.init_array*)
 .init_array    0x000000000800fc24        0x4 e:/purdue/stm32ide/stm32cubeide_1.4.0/stm32cubeide/plugins/com.st.stm32cube.ide.mcu.externaltools.gnu-tools-for-stm32.7-2018-q2-update.win32_1.4.0.202007081208/tools/bin/../lib/gcc/arm-none-eabi/7.3.1/thumb/v7e-m/fpv4-sp/hard/crtbegin.o
                0x000000000800fc28                PROVIDE (__init_array_end = .)
                0x000000000800fc28                . = ALIGN (0x4)

.fini_array     0x000000000800fc28        0x4
                0x000000000800fc28                . = ALIGN (0x4)
                [!provide]                        PROVIDE (__fini_array_start = .)
 *(SORT_BY_NAME(.fini_array.*))
 *(.fini_array*)
 .fini_array    0x000000000800fc28        0x4 e:/purdue/stm32ide/stm32cubeide_1.4.0/stm32cubeide/plugins/com.st.stm32cube.ide.mcu.externaltools.gnu-tools-for-stm32.7-2018-q2-update.win32_1.4.0.202007081208/tools/bin/../lib/gcc/arm-none-eabi/7.3.1/thumb/v7e-m/fpv4-sp/hard/crtbegin.o
                [!provide]                        PROVIDE (__fini_array_end = .)
                0x000000000800fc2c                . = ALIGN (0x4)
                0x000000000800fc2c                _sidata = LOADADDR (.data)

.data           0x0000000020000000       0x9c load address 0x000000000800fc2c
                0x0000000020000000                . = ALIGN (0x4)
                0x0000000020000000                _sdata = .
 *(.data)
 *(.data*)
 .data.start_cycle_x
                0x0000000020000000        0x4 Core/Src/main.o
                0x0000000020000000                start_cycle_x
 .data.start_cycle_y
                0x0000000020000004        0x4 Core/Src/main.o
                0x0000000020000004                start_cycle_y
 .data.SystemCoreClock
                0x0000000020000008        0x4 Core/Src/system_stm32f4xx.o
                0x0000000020000008                SystemCoreClock
 .data.uwTickPrio
                0x000000002000000c        0x4 Drivers/STM32F4xx_HAL_Driver/Src/stm32f4xx_hal.o
                0x000000002000000c                uwTickPrio
 .data.uwTickFreq
                0x0000000020000010        0x1 Drivers/STM32F4xx_HAL_Driver/Src/stm32f4xx_hal.o
                0x0000000020000010                uwTickFreq
 *fill*         0x0000000020000011        0x3 
 .data.USBH_msc
                0x0000000020000014       0x20 Middlewares/ST/STM32_USB_Host_Library/Class/MSC/Src/usbh_msc.o
                0x0000000020000014                USBH_msc
 .data.rotationNum
                0x0000000020000034        0x1 display/MY_ILI9341.o
 *fill*         0x0000000020000035        0x3 
 .data._impure_ptr
                0x0000000020000038        0x4 e:/purdue/stm32ide/stm32cubeide_1.4.0/stm32cubeide/plugins/com.st.stm32cube.ide.mcu.externaltools.gnu-tools-for-stm32.7-2018-q2-update.win32_1.4.0.202007081208/tools/bin/../lib/gcc/arm-none-eabi/7.3.1/../../../../arm-none-eabi/lib/thumb/v7e-m/fpv4-sp/hard\libc_nano.a(lib_a-impure.o)
                0x0000000020000038                _impure_ptr
 .data.impure_data
                0x000000002000003c       0x60 e:/purdue/stm32ide/stm32cubeide_1.4.0/stm32cubeide/plugins/com.st.stm32cube.ide.mcu.externaltools.gnu-tools-for-stm32.7-2018-q2-update.win32_1.4.0.202007081208/tools/bin/../lib/gcc/arm-none-eabi/7.3.1/../../../../arm-none-eabi/lib/thumb/v7e-m/fpv4-sp/hard\libc_nano.a(lib_a-impure.o)
                0x000000002000009c                . = ALIGN (0x4)
                0x000000002000009c                _edata = .

.igot.plt       0x000000002000009c        0x0 load address 0x000000000800fcc8
 .igot.plt      0x000000002000009c        0x0 e:/purdue/stm32ide/stm32cubeide_1.4.0/stm32cubeide/plugins/com.st.stm32cube.ide.mcu.externaltools.gnu-tools-for-stm32.7-2018-q2-update.win32_1.4.0.202007081208/tools/bin/../lib/gcc/arm-none-eabi/7.3.1/thumb/v7e-m/fpv4-sp/hard/crtbegin.o
                0x000000002000009c                . = ALIGN (0x4)

.bss            0x000000002000009c     0x21f8 load address 0x000000000800fcc8
                0x000000002000009c                _sbss = .
                0x000000002000009c                __bss_start__ = _sbss
 *(.bss)
 .bss           0x000000002000009c       0x1c e:/purdue/stm32ide/stm32cubeide_1.4.0/stm32cubeide/plugins/com.st.stm32cube.ide.mcu.externaltools.gnu-tools-for-stm32.7-2018-q2-update.win32_1.4.0.202007081208/tools/bin/../lib/gcc/arm-none-eabi/7.3.1/thumb/v7e-m/fpv4-sp/hard/crtbegin.o
 *(.bss*)
 .bss.i2cx      0x00000000200000b8       0x54 Audio/MY_CS43L22.o
 .bss.hAudioI2S
                0x000000002000010c        0x4 Audio/audioI2S.o
 .bss.wavFile   0x0000000020000110      0x230 Audio/wav_player.o
 .bss.fileLength
                0x0000000020000340        0x4 Audio/wav_player.o
 .bss.audioBuffer
                0x0000000020000344     0x1000 Audio/wav_player.o
 .bss.audioRemainSize
                0x0000000020001344        0x4 Audio/wav_player.o
 .bss.samplingFreq
                0x0000000020001348        0x4 Audio/wav_player.o
 .bss.playerReadBytes
                0x000000002000134c        0x4 Audio/wav_player.o
 .bss.isFinished
                0x0000000020001350        0x1 Audio/wav_player.o
 .bss.playerControlSM
                0x0000000020001351        0x1 Audio/wav_player.o
 *fill*         0x0000000020001352        0x2 
 .bss.tim2_i    0x0000000020001354        0x4 Core/Src/main.o
                0x0000000020001354                tim2_i
 .bss.state     0x0000000020001358        0x1 Core/Src/main.o
                0x0000000020001358                state
 *fill*         0x0000000020001359        0x3 
 .bss.__sbrk_heap_end
                0x000000002000135c        0x4 Core/Src/sysmem.o
 .bss.tmpreg.8930
                0x0000000020001360        0x4 Drivers/STM32F4xx_HAL_Driver/Src/stm32f4xx_ll_usb.o
 .bss.FatFs     0x0000000020001364        0x4 Middlewares/Third_Party/FatFs/src/ff.o
 .bss.Fsid      0x0000000020001368        0x2 Middlewares/Third_Party/FatFs/src/ff.o
 *fill*         0x000000002000136a        0x2 
 .bss.Files     0x000000002000136c       0x20 Middlewares/Third_Party/FatFs/src/ff.o
 .bss.disk      0x000000002000138c        0xc Middlewares/Third_Party/FatFs/src/ff_gen_drv.o
                0x000000002000138c                disk
 .bss.Appli_state
                0x0000000020001398        0x1 USB_HOST/App/usb_host.o
                0x0000000020001398                Appli_state
 .bss._cp437    0x0000000020001399        0x1 display/MY_ILI9341.o
 *fill*         0x000000002000139a        0x2 
 .bss.lcdSPIhandle
                0x000000002000139c       0x58 display/MY_ILI9341.o
 .bss.tftCS_GPIO
                0x00000000200013f4        0x4 display/MY_ILI9341.o
 .bss.tftCS_PIN
                0x00000000200013f8        0x2 display/MY_ILI9341.o
 *fill*         0x00000000200013fa        0x2 
 .bss.tftDC_GPIO
                0x00000000200013fc        0x4 display/MY_ILI9341.o
 .bss.tftDC_PIN
                0x0000000020001400        0x2 display/MY_ILI9341.o
 *fill*         0x0000000020001402        0x2 
 .bss.tftRESET_GPIO
                0x0000000020001404        0x4 display/MY_ILI9341.o
 .bss.tftRESET_PIN
                0x0000000020001408        0x2 display/MY_ILI9341.o
 *fill*         0x000000002000140a        0x2 
 .bss.__malloc_free_list
                0x000000002000140c        0x4 e:/purdue/stm32ide/stm32cubeide_1.4.0/stm32cubeide/plugins/com.st.stm32cube.ide.mcu.externaltools.gnu-tools-for-stm32.7-2018-q2-update.win32_1.4.0.202007081208/tools/bin/../lib/gcc/arm-none-eabi/7.3.1/../../../../arm-none-eabi/lib/thumb/v7e-m/fpv4-sp/hard\libc_nano.a(lib_a-nano-mallocr.o)
                0x000000002000140c                __malloc_free_list
 .bss.__malloc_sbrk_start
                0x0000000020001410        0x4 e:/purdue/stm32ide/stm32cubeide_1.4.0/stm32cubeide/plugins/com.st.stm32cube.ide.mcu.externaltools.gnu-tools-for-stm32.7-2018-q2-update.win32_1.4.0.202007081208/tools/bin/../lib/gcc/arm-none-eabi/7.3.1/../../../../arm-none-eabi/lib/thumb/v7e-m/fpv4-sp/hard\libc_nano.a(lib_a-nano-mallocr.o)
                0x0000000020001410                __malloc_sbrk_start
 *(COMMON)
 COMMON         0x0000000020001414      0x374 Core/Src/main.o
                0x0000000020001414                hi2c1
                0x0000000020001468                screen
                0x0000000020001648                hdma_spi3_tx
                0x00000000200016a8                hspi1
                0x0000000020001700                htim2
                0x0000000020001740                hi2s3
 COMMON         0x0000000020001788        0x4 Drivers/STM32F4xx_HAL_Driver/Src/stm32f4xx_hal.o
                0x0000000020001788                uwTick
 COMMON         0x000000002000178c      0x465 FATFS/App/fatfs.o
                0x000000002000178c                USBHPath
                0x0000000020001790                USBHFile
                0x00000000200019c0                USBHFatFS
                0x0000000020001bf0                retUSBH
 *fill*         0x0000000020001bf1        0x3 
 COMMON         0x0000000020001bf4      0x3d8 USB_HOST/App/usb_host.o
                0x0000000020001bf4                hUsbHostFS
 COMMON         0x0000000020001fcc      0x2c4 USB_HOST/Target/usbh_conf.o
                0x0000000020001fcc                hhcd_USB_OTG_FS
 COMMON         0x0000000020002290        0x4 e:/purdue/stm32ide/stm32cubeide_1.4.0/stm32cubeide/plugins/com.st.stm32cube.ide.mcu.externaltools.gnu-tools-for-stm32.7-2018-q2-update.win32_1.4.0.202007081208/tools/bin/../lib/gcc/arm-none-eabi/7.3.1/../../../../arm-none-eabi/lib/thumb/v7e-m/fpv4-sp/hard\libc_nano.a(lib_a-reent.o)
                0x0000000020002290                errno
                0x0000000020002294                . = ALIGN (0x4)
                0x0000000020002294                _ebss = .
                0x0000000020002294                __bss_end__ = _ebss

._user_heap_stack
                0x0000000020002294      0x604 load address 0x000000000800fcc8
                0x0000000020002298                . = ALIGN (0x8)
 *fill*         0x0000000020002294        0x4 
                [!provide]                        PROVIDE (end = .)
                0x0000000020002298                PROVIDE (_end = .)
                0x0000000020002498                . = (. + _Min_Heap_Size)
 *fill*         0x0000000020002298      0x200 
                0x0000000020002898                . = (. + _Min_Stack_Size)
 *fill*         0x0000000020002498      0x400 
                0x0000000020002898                . = ALIGN (0x8)

/DISCARD/
 libc.a(*)
 libm.a(*)
 libgcc.a(*)

.ARM.attributes
                0x0000000000000000       0x30
 *(.ARM.attributes)
 .ARM.attributes
                0x0000000000000000       0x22 e:/purdue/stm32ide/stm32cubeide_1.4.0/stm32cubeide/plugins/com.st.stm32cube.ide.mcu.externaltools.gnu-tools-for-stm32.7-2018-q2-update.win32_1.4.0.202007081208/tools/bin/../lib/gcc/arm-none-eabi/7.3.1/thumb/v7e-m/fpv4-sp/hard/crti.o
 .ARM.attributes
                0x0000000000000022       0x34 e:/purdue/stm32ide/stm32cubeide_1.4.0/stm32cubeide/plugins/com.st.stm32cube.ide.mcu.externaltools.gnu-tools-for-stm32.7-2018-q2-update.win32_1.4.0.202007081208/tools/bin/../lib/gcc/arm-none-eabi/7.3.1/thumb/v7e-m/fpv4-sp/hard/crtbegin.o
 .ARM.attributes
                0x0000000000000056       0x39 Audio/MY_CS43L22.o
 .ARM.attributes
                0x000000000000008f       0x39 Audio/audioI2S.o
 .ARM.attributes
                0x00000000000000c8       0x39 Audio/wav_player.o
 .ARM.attributes
                0x0000000000000101       0x39 Core/Src/main.o
 .ARM.attributes
                0x000000000000013a       0x39 Core/Src/stm32f4xx_hal_msp.o
 .ARM.attributes
                0x0000000000000173       0x39 Core/Src/stm32f4xx_it.o
 .ARM.attributes
                0x00000000000001ac       0x39 Core/Src/sysmem.o
 .ARM.attributes
                0x00000000000001e5       0x39 Core/Src/system_stm32f4xx.o
 .ARM.attributes
                0x000000000000021e       0x21 Core/Startup/startup_stm32f407vgtx.o
 .ARM.attributes
                0x000000000000023f       0x39 Drivers/STM32F4xx_HAL_Driver/Src/stm32f4xx_hal.o
 .ARM.attributes
                0x0000000000000278       0x39 Drivers/STM32F4xx_HAL_Driver/Src/stm32f4xx_hal_cortex.o
 .ARM.attributes
                0x00000000000002b1       0x39 Drivers/STM32F4xx_HAL_Driver/Src/stm32f4xx_hal_dma.o
 .ARM.attributes
                0x00000000000002ea       0x39 Drivers/STM32F4xx_HAL_Driver/Src/stm32f4xx_hal_gpio.o
 .ARM.attributes
                0x0000000000000323       0x39 Drivers/STM32F4xx_HAL_Driver/Src/stm32f4xx_hal_hcd.o
 .ARM.attributes
                0x000000000000035c       0x39 Drivers/STM32F4xx_HAL_Driver/Src/stm32f4xx_hal_i2c.o
 .ARM.attributes
                0x0000000000000395       0x39 Drivers/STM32F4xx_HAL_Driver/Src/stm32f4xx_hal_i2s.o
 .ARM.attributes
                0x00000000000003ce       0x39 Drivers/STM32F4xx_HAL_Driver/Src/stm32f4xx_hal_i2s_ex.o
 .ARM.attributes
                0x0000000000000407       0x39 Drivers/STM32F4xx_HAL_Driver/Src/stm32f4xx_hal_rcc.o
 .ARM.attributes
                0x0000000000000440       0x39 Drivers/STM32F4xx_HAL_Driver/Src/stm32f4xx_hal_rcc_ex.o
 .ARM.attributes
                0x0000000000000479       0x39 Drivers/STM32F4xx_HAL_Driver/Src/stm32f4xx_hal_spi.o
 .ARM.attributes